Archive member included to satisfy reference by file (symbol)

/Applications/MCUXpressoIDE_10.1.1_606/ide/tools/bin/../lib/gcc/arm-none-eabi/6.3.1/../../../../arm-none-eabi/lib/thumb/v7e-m/fpv4-sp/hard/libcr_semihost_nf.a(_cr__main.o)
                              ./startup/startup_mk64f12.o (__main)
/Applications/MCUXpressoIDE_10.1.1_606/ide/tools/bin/../lib/gcc/arm-none-eabi/6.3.1/../../../../arm-none-eabi/lib/thumb/v7e-m/fpv4-sp/hard/libcr_semihost_nf.a(_cr_assert.o)
                              ./utilities/fsl_debug_console.o (__assertion_failed)
/Applications/MCUXpressoIDE_10.1.1_606/ide/tools/bin/../lib/gcc/arm-none-eabi/6.3.1/../../../../arm-none-eabi/lib/thumb/v7e-m/fpv4-sp/hard/libcr_semihost_nf.a(__ciob.o)
                              /Applications/MCUXpressoIDE_10.1.1_606/ide/tools/bin/../lib/gcc/arm-none-eabi/6.3.1/../../../../arm-none-eabi/lib/thumb/v7e-m/fpv4-sp/hard/libcr_semihost_nf.a(_cr_assert.o) (__Ciob)
/Applications/MCUXpressoIDE_10.1.1_606/ide/tools/bin/../lib/gcc/arm-none-eabi/6.3.1/../../../../arm-none-eabi/lib/thumb/v7e-m/fpv4-sp/hard/libcr_semihost_nf.a(__sys_appexit.o)
                              /Applications/MCUXpressoIDE_10.1.1_606/ide/tools/bin/../lib/gcc/arm-none-eabi/6.3.1/../../../../arm-none-eabi/lib/thumb/v7e-m/fpv4-sp/hard/libcr_semihost_nf.a(_cr_assert.o) (__sys_appexit)
/Applications/MCUXpressoIDE_10.1.1_606/ide/tools/bin/../lib/gcc/arm-none-eabi/6.3.1/../../../../arm-none-eabi/lib/thumb/v7e-m/fpv4-sp/hard/libcr_c.a(memcpy.o)
                              ./drivers/fsl_flash.o (memcpy)
/Applications/MCUXpressoIDE_10.1.1_606/ide/tools/bin/../lib/gcc/arm-none-eabi/6.3.1/../../../../arm-none-eabi/lib/thumb/v7e-m/fpv4-sp/hard/libcr_c.a(memset.o)
                              ./drivers/fsl_edma.o (memset)
/Applications/MCUXpressoIDE_10.1.1_606/ide/tools/bin/../lib/gcc/arm-none-eabi/6.3.1/../../../../arm-none-eabi/lib/thumb/v7e-m/fpv4-sp/hard/libcr_c.a(_deferredlazyseek.o)
                              /Applications/MCUXpressoIDE_10.1.1_606/ide/tools/bin/../lib/gcc/arm-none-eabi/6.3.1/../../../../arm-none-eabi/lib/thumb/v7e-m/fpv4-sp/hard/libcr_semihost_nf.a(_cr_assert.o) (__flsbuf)
/Applications/MCUXpressoIDE_10.1.1_606/ide/tools/bin/../lib/gcc/arm-none-eabi/6.3.1/../../../../arm-none-eabi/lib/thumb/v7e-m/fpv4-sp/hard/libcr_c.a(_fflush.o)
                              /Applications/MCUXpressoIDE_10.1.1_606/ide/tools/bin/../lib/gcc/arm-none-eabi/6.3.1/../../../../arm-none-eabi/lib/thumb/v7e-m/fpv4-sp/hard/libcr_c.a(_deferredlazyseek.o) (_fflush)
/Applications/MCUXpressoIDE_10.1.1_606/ide/tools/bin/../lib/gcc/arm-none-eabi/6.3.1/../../../../arm-none-eabi/lib/thumb/v7e-m/fpv4-sp/hard/libcr_c.a(_writebuf.o)
                              /Applications/MCUXpressoIDE_10.1.1_606/ide/tools/bin/../lib/gcc/arm-none-eabi/6.3.1/../../../../arm-none-eabi/lib/thumb/v7e-m/fpv4-sp/hard/libcr_c.a(_deferredlazyseek.o) (_Cwritebuf)
/Applications/MCUXpressoIDE_10.1.1_606/ide/tools/bin/../lib/gcc/arm-none-eabi/6.3.1/../../../../arm-none-eabi/lib/thumb/v7e-m/fpv4-sp/hard/libcr_c.a(alloc.o)
                              /Applications/MCUXpressoIDE_10.1.1_606/ide/tools/bin/../lib/gcc/arm-none-eabi/6.3.1/../../../../arm-none-eabi/lib/thumb/v7e-m/fpv4-sp/hard/libcr_c.a(_deferredlazyseek.o) (_Csys_alloc)
/Applications/MCUXpressoIDE_10.1.1_606/ide/tools/bin/../lib/gcc/arm-none-eabi/6.3.1/../../../../arm-none-eabi/lib/thumb/v7e-m/fpv4-sp/hard/libcr_c.a(fputs.o)
                              /Applications/MCUXpressoIDE_10.1.1_606/ide/tools/bin/../lib/gcc/arm-none-eabi/6.3.1/../../../../arm-none-eabi/lib/thumb/v7e-m/fpv4-sp/hard/libcr_semihost_nf.a(_cr_assert.o) (fputs)
/Applications/MCUXpressoIDE_10.1.1_606/ide/tools/bin/../lib/gcc/arm-none-eabi/6.3.1/../../../../arm-none-eabi/lib/thumb/v7e-m/fpv4-sp/hard/libcr_c.a(fseek.o)
                              /Applications/MCUXpressoIDE_10.1.1_606/ide/tools/bin/../lib/gcc/arm-none-eabi/6.3.1/../../../../arm-none-eabi/lib/thumb/v7e-m/fpv4-sp/hard/libcr_c.a(_deferredlazyseek.o) (fseek)
/Applications/MCUXpressoIDE_10.1.1_606/ide/tools/bin/../lib/gcc/arm-none-eabi/6.3.1/../../../../arm-none-eabi/lib/thumb/v7e-m/fpv4-sp/hard/libcr_c.a(ftell.o)
                              /Applications/MCUXpressoIDE_10.1.1_606/ide/tools/bin/../lib/gcc/arm-none-eabi/6.3.1/../../../../arm-none-eabi/lib/thumb/v7e-m/fpv4-sp/hard/libcr_c.a(fseek.o) (ftell)
/Applications/MCUXpressoIDE_10.1.1_606/ide/tools/bin/../lib/gcc/arm-none-eabi/6.3.1/../../../../arm-none-eabi/lib/thumb/v7e-m/fpv4-sp/hard/libcr_c.a(initio.o)
                              /Applications/MCUXpressoIDE_10.1.1_606/ide/tools/bin/../lib/gcc/arm-none-eabi/6.3.1/../../../../arm-none-eabi/lib/thumb/v7e-m/fpv4-sp/hard/libcr_semihost_nf.a(_cr__main.o) (_initio)
/Applications/MCUXpressoIDE_10.1.1_606/ide/tools/bin/../lib/gcc/arm-none-eabi/6.3.1/../../../../arm-none-eabi/lib/thumb/v7e-m/fpv4-sp/hard/libcr_c.a(printf.o)
                              ./utilities/fsl_assert.o (_printf)
[...]
Memory Configuration

Name             Origin             Length             Attributes
PROGRAM_FLASH    0x0000000000000000 0x0000000000100000 xr
SRAM_UPPER       0x0000000020000000 0x0000000000030000 xrw
SRAM_LOWER       0x000000001fff0000 0x0000000000010000 xrw
FLEX_RAM         0x0000000014000000 0x0000000000001000 xrw
*default*        0x0000000000000000 0xffffffffffffffff

Linker script and memory map

LOAD ./utilities/fsl_assert.o
LOAD ./utilities/fsl_debug_console.o
LOAD ./utilities/fsl_io.o
LOAD ./utilities/fsl_log.o
LOAD ./utilities/fsl_str.o
LOAD ./startup/startup_mk64f12.o
LOAD ./source/edma_memory_to_memory.o
LOAD ./source/semihost_hardfault.o
LOAD ./drivers/fsl_clock.o
LOAD ./drivers/fsl_common.o
LOAD ./drivers/fsl_dmamux.o
LOAD ./drivers/fsl_edma.o
LOAD ./drivers/fsl_flash.o
LOAD ./drivers/fsl_gpio.o
LOAD ./drivers/fsl_sim.o
LOAD ./drivers/fsl_smc.o
LOAD ./drivers/fsl_uart.o
LOAD ./board/board.o
LOAD ./board/clock_config.o
LOAD ./board/pin_mux.o
LOAD ./CMSIS/system_MK64F12.o
LOAD /Users/Hiro-MBP/Freescale/workspaces/k64/frdmk64f_driver_examples_edma_edma_memory_to_memory/randomData.o
START GROUP
LOAD /Applications/MCUXpressoIDE_10.1.1_606/ide/tools/bin/../lib/gcc/arm-none-eabi/6.3.1/../../../../arm-none-eabi/lib/thumb/v7e-m/fpv4-sp/hard/libcr_semihost_nf.a
LOAD /Applications/MCUXpressoIDE_10.1.1_606/ide/tools/bin/../lib/gcc/arm-none-eabi/6.3.1/../../../../arm-none-eabi/lib/thumb/v7e-m/fpv4-sp/hard/libcr_c.a
LOAD /Applications/MCUXpressoIDE_10.1.1_606/ide/tools/bin/../lib/gcc/arm-none-eabi/6.3.1/thumb/v7e-m/fpv4-sp/hard/libcr_eabihelpers.a
END GROUP
                0x0000000000000000                __base_PROGRAM_FLASH = 0x0
                0x0000000000000000                __base_Flash = 0x0
                0x0000000000100000                __top_PROGRAM_FLASH = 0x100000
                0x0000000000100000                __top_Flash = 0x100000
                0x0000000020000000                __base_SRAM_UPPER = 0x20000000
                0x0000000020000000                __base_RAM = 0x20000000
                0x0000000020030000                __top_SRAM_UPPER = 0x20030000
                0x0000000020030000                __top_RAM = 0x20030000
                0x000000001fff0000                __base_SRAM_LOWER = 0x1fff0000
                0x000000001fff0000                __base_RAM2 = 0x1fff0000
                0x0000000020000000                __top_SRAM_LOWER = 0x20000000
                0x0000000020000000                __top_RAM2 = 0x20000000
                0x0000000014000000                __base_FLEX_RAM = 0x14000000
                0x0000000014000000                __base_RAM3 = 0x14000000
                0x0000000014001000                __top_FLEX_RAM = 0x14001000
                0x0000000014001000                __top_RAM3 = 0x14001000

.text           0x0000000000000000     0x7970
 FILL mask 0xff
                0x0000000000000000                __vectors_start__ = ABSOLUTE (.)
 *(.isr_vector)
 .isr_vector    0x0000000000000000      0x198 ./startup/startup_mk64f12.o
                0x0000000000000000                __Vectors
                0x0000000000000000                g_pfnVectors
                0x0000000000000198                . = ALIGN (0x4)
                0x0000000000000198                __section_table_start = .
                0x0000000000000198                __data_section_table = .
                0x0000000000000198        0x4 LONG 0x7974 LOADADDR (.data)
                0x000000000000019c        0x4 LONG 0x20000000 ADDR (.data)
                0x00000000000001a0        0x4 LONG 0x400c SIZEOF (.data)
                0x00000000000001a4        0x4 LONG 0x7970 LOADADDR (.data_RAM2)
                0x00000000000001a8        0x4 LONG 0x1fff0000 ADDR (.data_RAM2)
                0x00000000000001ac        0x4 LONG 0x4 SIZEOF (.data_RAM2)
                0x00000000000001b0        0x4 LONG 0x7974 LOADADDR (.data_RAM3)
                0x00000000000001b4        0x4 LONG 0x14000000 ADDR (.data_RAM3)
                0x00000000000001b8        0x4 LONG 0x0 SIZEOF (.data_RAM3)
                0x00000000000001bc                __data_section_table_end = .
                0x00000000000001bc                __bss_section_table = .
                0x00000000000001bc        0x4 LONG 0x20004010 ADDR (.bss)
                0x00000000000001c0        0x4 LONG 0x1e8 SIZEOF (.bss)
                0x00000000000001c4        0x4 LONG 0x1fff0004 ADDR (.bss_RAM2)
                0x00000000000001c8        0x4 LONG 0x0 SIZEOF (.bss_RAM2)
                0x00000000000001cc        0x4 LONG 0x14000000 ADDR (.bss_RAM3)
                0x00000000000001d0        0x4 LONG 0x0 SIZEOF (.bss_RAM3)
                0x00000000000001d4                __bss_section_table_end = .
                0x00000000000001d4                __section_table_end = .
 *(.after_vectors*)
 .after_vectors.init_data
                0x00000000000001d4       0x1e ./startup/startup_mk64f12.o
                0x00000000000001d4                data_init
 .after_vectors.init_bss
                0x00000000000001f2       0x12 ./startup/startup_mk64f12.o
                0x00000000000001f2                bss_init
 .after_vectors.reset
                0x0000000000000204       0x4c ./startup/startup_mk64f12.o
                0x0000000000000204                ResetISR
 .after_vectors
                0x0000000000000250       0x14 ./startup/startup_mk64f12.o
                0x0000000000000250                NMI_Handler
                0x0000000000000254                MemManage_Handler
                0x0000000000000256                BusFault_Handler
                0x0000000000000258                UsageFault_Handler
                0x000000000000025a                SVC_Handler
                0x000000000000025c                DebugMon_Handler
                0x000000000000025e                PendSV_Handler
                0x0000000000000262                PIT2_DriverIRQHandler
                0x0000000000000262                SDHC_DriverIRQHandler
                0x0000000000000262                I2S0_Tx_DriverIRQHandler
                0x0000000000000262                RTC_Seconds_DriverIRQHandler
                0x0000000000000262                LLWU_DriverIRQHandler
                0x0000000000000262                MCM_DriverIRQHandler
                0x0000000000000262                MCG_DriverIRQHandler
                0x0000000000000262                ENET_1588_Timer_DriverIRQHandler
                0x0000000000000262                I2C2_DriverIRQHandler
                0x0000000000000262                DAC1_DriverIRQHandler
                0x0000000000000262                CMP1_DriverIRQHandler
                0x0000000000000262                FTM0_DriverIRQHandler
                0x0000000000000262                IntDefaultHandler
                0x0000000000000262                USB0_DriverIRQHandler
                0x0000000000000262                UART5_ERR_DriverIRQHandler
                0x0000000000000262                PORTC_DriverIRQHandler
                0x0000000000000262                DAC0_DriverIRQHandler
                0x0000000000000262                CMP2_DriverIRQHandler
                0x0000000000000262                UART2_ERR_DriverIRQHandler
                0x0000000000000262                SPI2_DriverIRQHandler
                0x0000000000000262                LVD_LVW_DriverIRQHandler
                0x0000000000000262                PIT0_DriverIRQHandler
                0x0000000000000262                RNG_DriverIRQHandler
                0x0000000000000262                USBDCD_DriverIRQHandler
                0x0000000000000262                UART3_ERR_DriverIRQHandler
                0x0000000000000262                UART0_ERR_DriverIRQHandler
                0x0000000000000262                CMT_DriverIRQHandler
                0x0000000000000262                Reserved71_DriverIRQHandler
                0x0000000000000262                ADC1_DriverIRQHandler
                0x0000000000000262                PORTA_DriverIRQHandler
                0x0000000000000262                PIT3_DriverIRQHandler
                0x0000000000000262                PIT1_DriverIRQHandler
                0x0000000000000262                WDOG_EWM_DriverIRQHandler
                0x0000000000000262                PDB0_DriverIRQHandler
                0x0000000000000262                RTC_DriverIRQHandler
                0x0000000000000262                I2S0_Rx_DriverIRQHandler
                0x0000000000000262                Read_Collision_DriverIRQHandler
                0x0000000000000262                SWI_DriverIRQHandler
                0x0000000000000262                UART4_ERR_DriverIRQHandler
                0x0000000000000262                UART0_LON_DriverIRQHandler
                0x0000000000000262                I2C1_DriverIRQHandler
                0x0000000000000262                ENET_Receive_DriverIRQHandler
                0x0000000000000262                ENET_Error_DriverIRQHandler
                0x0000000000000262                SPI0_DriverIRQHandler
                0x0000000000000262                ADC0_DriverIRQHandler
                0x0000000000000262                CMP0_DriverIRQHandler
                0x0000000000000262                CAN0_DriverIRQHandler
                0x0000000000000262                FTM3_DriverIRQHandler
                0x0000000000000262                UART1_ERR_DriverIRQHandler
                0x0000000000000262                ENET_Transmit_DriverIRQHandler
                0x0000000000000262                PORTD_DriverIRQHandler
                0x0000000000000262                PORTE_DriverIRQHandler
                0x0000000000000262                FTFE_DriverIRQHandler
                0x0000000000000262                I2C0_DriverIRQHandler
                0x0000000000000262                PORTB_DriverIRQHandler
                0x0000000000000262                SPI1_DriverIRQHandler
                0x0000000000000262                LPTMR0_DriverIRQHandler
                0x0000000000000262                DMA_Error_DriverIRQHandler
                0x0000000000000262                FTM1_DriverIRQHandler
                0x0000000000000262                FTM2_DriverIRQHandler
                0x0000000000000400                . = 0x400
 *fill*         0x0000000000000264      0x19c ff
                0x0000000000000400                PROVIDE (__FLASH_CONFIG_START__, .)
 *(.FlashConfig)
 .FlashConfig   0x0000000000000400       0x10 ./startup/startup_mk64f12.o
                0x0000000000000400                Flash_Config
                0x0000000000000410                PROVIDE (__FLASH_CONFIG_END__, .)
                0x0000000000000001                ASSERT (! ((__FLASH_CONFIG_START__ == __FLASH_CONFIG_END__)), Linker Flash Config Support Enabled, but no .FlashConfig section provided within application)
 *(.text*)
 .text.DbgConsole_Init
                0x0000000000000410       0x38 ./utilities/fsl_debug_console.o
                0x0000000000000410                DbgConsole_Init
 .text.UART_EnableTx
                0x0000000000000448       0x40 ./utilities/fsl_io.o
 .text.UART_EnableRx
                0x0000000000000488       0x40 ./utilities/fsl_io.o
 .text.IO_Init  0x00000000000004c8       0x80 ./utilities/fsl_io.o
                0x00000000000004c8                IO_Init
 .text.LOG_Init
                0x0000000000000548       0x30 ./utilities/fsl_log.o
                0x0000000000000548                LOG_Init
 .text.DMA0_IRQHandler
                0x0000000000000578        0x8 ./startup/startup_mk64f12.o
                0x0000000000000578                DMA0_IRQHandler
 .text.DMA1_IRQHandler
                0x0000000000000580        0x8 ./startup/startup_mk64f12.o
                0x0000000000000580                DMA1_IRQHandler
 .text.DMA2_IRQHandler
                0x0000000000000588        0x8 ./startup/startup_mk64f12.o
                0x0000000000000588                DMA2_IRQHandler
 .text.DMA3_IRQHandler
                0x0000000000000590        0x8 ./startup/startup_mk64f12.o
                0x0000000000000590                DMA3_IRQHandler
 .text.DMA4_IRQHandler
                0x0000000000000598        0x8 ./startup/startup_mk64f12.o
                0x0000000000000598                DMA4_IRQHandler
 .text.DMA5_IRQHandler
                0x00000000000005a0        0x8 ./startup/startup_mk64f12.o
                0x00000000000005a0                DMA5_IRQHandler
 .text.DMA6_IRQHandler
                0x00000000000005a8        0x8 ./startup/startup_mk64f12.o
                0x00000000000005a8                DMA6_IRQHandler
 .text.DMA7_IRQHandler
                0x00000000000005b0        0x8 ./startup/startup_mk64f12.o
                0x00000000000005b0                DMA7_IRQHandler
 .text.DMA8_IRQHandler
                0x00000000000005b8        0x8 ./startup/startup_mk64f12.o
                0x00000000000005b8                DMA8_IRQHandler
 .text.DMA9_IRQHandler
                0x00000000000005c0        0x8 ./startup/startup_mk64f12.o
                0x00000000000005c0                DMA9_IRQHandler
 .text.DMA10_IRQHandler
                0x00000000000005c8        0x8 ./startup/startup_mk64f12.o
                0x00000000000005c8                DMA10_IRQHandler
 .text.DMA11_IRQHandler
                0x00000000000005d0        0x8 ./startup/startup_mk64f12.o
                0x00000000000005d0                DMA11_IRQHandler
 .text.DMA12_IRQHandler
                0x00000000000005d8        0x8 ./startup/startup_mk64f12.o
                0x00000000000005d8                DMA12_IRQHandler
 .text.DMA13_IRQHandler
                0x00000000000005e0        0x8 ./startup/startup_mk64f12.o
                0x00000000000005e0                DMA13_IRQHandler
 .text.DMA14_IRQHandler
                0x00000000000005e8        0x8 ./startup/startup_mk64f12.o
                0x00000000000005e8                DMA14_IRQHandler
 .text.DMA15_IRQHandler
                0x00000000000005f0        0x8 ./startup/startup_mk64f12.o
                0x00000000000005f0                DMA15_IRQHandler
 .text.DMA_Error_IRQHandler
                0x00000000000005f8        0x8 ./startup/startup_mk64f12.o
                0x00000000000005f8                DMA_Error_IRQHandler
 .text.MCM_IRQHandler
                0x0000000000000600        0x8 ./startup/startup_mk64f12.o
                0x0000000000000600                MCM_IRQHandler
 .text.FTFE_IRQHandler
                0x0000000000000608        0x8 ./startup/startup_mk64f12.o
                0x0000000000000608                FTFE_IRQHandler
 .text.Read_Collision_IRQHandler
                0x0000000000000610        0x8 ./startup/startup_mk64f12.o
                0x0000000000000610                Read_Collision_IRQHandler
 .text.LVD_LVW_IRQHandler
                0x0000000000000618        0x8 ./startup/startup_mk64f12.o
                0x0000000000000618                LVD_LVW_IRQHandler
 .text.LLWU_IRQHandler
                0x0000000000000620        0x8 ./startup/startup_mk64f12.o
                0x0000000000000620                LLWU_IRQHandler
 .text.WDOG_EWM_IRQHandler
                0x0000000000000628        0x8 ./startup/startup_mk64f12.o
                0x0000000000000628                WDOG_EWM_IRQHandler
 .text.RNG_IRQHandler
                0x0000000000000630        0x8 ./startup/startup_mk64f12.o
                0x0000000000000630                RNG_IRQHandler
 .text.I2C0_IRQHandler
                0x0000000000000638        0x8 ./startup/startup_mk64f12.o
                0x0000000000000638                I2C0_IRQHandler
 .text.I2C1_IRQHandler
                0x0000000000000640        0x8 ./startup/startup_mk64f12.o
                0x0000000000000640                I2C1_IRQHandler
 .text.SPI0_IRQHandler
                0x0000000000000648        0x8 ./startup/startup_mk64f12.o
                0x0000000000000648                SPI0_IRQHandler
 .text.SPI1_IRQHandler
                0x0000000000000650        0x8 ./startup/startup_mk64f12.o
                0x0000000000000650                SPI1_IRQHandler
 .text.I2S0_Tx_IRQHandler
                0x0000000000000658        0x8 ./startup/startup_mk64f12.o
                0x0000000000000658                I2S0_Tx_IRQHandler
 .text.I2S0_Rx_IRQHandler
                0x0000000000000660        0x8 ./startup/startup_mk64f12.o
                0x0000000000000660                I2S0_Rx_IRQHandler
 .text.UART0_LON_IRQHandler
                0x0000000000000668        0x8 ./startup/startup_mk64f12.o
                0x0000000000000668                UART0_LON_IRQHandler
 .text.UART0_RX_TX_IRQHandler
                0x0000000000000670        0x8 ./startup/startup_mk64f12.o
                0x0000000000000670                UART0_RX_TX_IRQHandler
 .text.UART0_ERR_IRQHandler
                0x0000000000000678        0x8 ./startup/startup_mk64f12.o
                0x0000000000000678                UART0_ERR_IRQHandler
 .text.UART1_RX_TX_IRQHandler
                0x0000000000000680        0x8 ./startup/startup_mk64f12.o
                0x0000000000000680                UART1_RX_TX_IRQHandler
 .text.UART1_ERR_IRQHandler
                0x0000000000000688        0x8 ./startup/startup_mk64f12.o
                0x0000000000000688                UART1_ERR_IRQHandler
 .text.UART2_RX_TX_IRQHandler
                0x0000000000000690        0x8 ./startup/startup_mk64f12.o
                0x0000000000000690                UART2_RX_TX_IRQHandler
 .text.UART2_ERR_IRQHandler
                0x0000000000000698        0x8 ./startup/startup_mk64f12.o
                0x0000000000000698                UART2_ERR_IRQHandler
 .text.UART3_RX_TX_IRQHandler
                0x00000000000006a0        0x8 ./startup/startup_mk64f12.o
                0x00000000000006a0                UART3_RX_TX_IRQHandler
 .text.UART3_ERR_IRQHandler
                0x00000000000006a8        0x8 ./startup/startup_mk64f12.o
                0x00000000000006a8                UART3_ERR_IRQHandler
 .text.ADC0_IRQHandler
                0x00000000000006b0        0x8 ./startup/startup_mk64f12.o
                0x00000000000006b0                ADC0_IRQHandler
 .text.CMP0_IRQHandler
                0x00000000000006b8        0x8 ./startup/startup_mk64f12.o
                0x00000000000006b8                CMP0_IRQHandler
 .text.CMP1_IRQHandler
                0x00000000000006c0        0x8 ./startup/startup_mk64f12.o
                0x00000000000006c0                CMP1_IRQHandler
 .text.FTM0_IRQHandler
                0x00000000000006c8        0x8 ./startup/startup_mk64f12.o
                0x00000000000006c8                FTM0_IRQHandler
 .text.FTM1_IRQHandler
                0x00000000000006d0        0x8 ./startup/startup_mk64f12.o
                0x00000000000006d0                FTM1_IRQHandler
 .text.FTM2_IRQHandler
                0x00000000000006d8        0x8 ./startup/startup_mk64f12.o
                0x00000000000006d8                FTM2_IRQHandler
 .text.CMT_IRQHandler
                0x00000000000006e0        0x8 ./startup/startup_mk64f12.o
                0x00000000000006e0                CMT_IRQHandler
 .text.RTC_IRQHandler
                0x00000000000006e8        0x8 ./startup/startup_mk64f12.o
                0x00000000000006e8                RTC_IRQHandler
 .text.RTC_Seconds_IRQHandler
                0x00000000000006f0        0x8 ./startup/startup_mk64f12.o
                0x00000000000006f0                RTC_Seconds_IRQHandler
 .text.PIT0_IRQHandler
                0x00000000000006f8        0x8 ./startup/startup_mk64f12.o
                0x00000000000006f8                PIT0_IRQHandler
 .text.PIT1_IRQHandler
                0x0000000000000700        0x8 ./startup/startup_mk64f12.o
                0x0000000000000700                PIT1_IRQHandler
 .text.PIT2_IRQHandler
                0x0000000000000708        0x8 ./startup/startup_mk64f12.o
                0x0000000000000708                PIT2_IRQHandler
 .text.PIT3_IRQHandler
                0x0000000000000710        0x8 ./startup/startup_mk64f12.o
                0x0000000000000710                PIT3_IRQHandler
 .text.PDB0_IRQHandler
                0x0000000000000718        0x8 ./startup/startup_mk64f12.o
                0x0000000000000718                PDB0_IRQHandler
 .text.USB0_IRQHandler
                0x0000000000000720        0x8 ./startup/startup_mk64f12.o
                0x0000000000000720                USB0_IRQHandler
 .text.USBDCD_IRQHandler
                0x0000000000000728        0x8 ./startup/startup_mk64f12.o
                0x0000000000000728                USBDCD_IRQHandler
 .text.Reserved71_IRQHandler
                0x0000000000000730        0x8 ./startup/startup_mk64f12.o
                0x0000000000000730                Reserved71_IRQHandler
 .text.DAC0_IRQHandler
                0x0000000000000738        0x8 ./startup/startup_mk64f12.o
                0x0000000000000738                DAC0_IRQHandler
 .text.MCG_IRQHandler
                0x0000000000000740        0x8 ./startup/startup_mk64f12.o
                0x0000000000000740                MCG_IRQHandler
 .text.LPTMR0_IRQHandler
                0x0000000000000748        0x8 ./startup/startup_mk64f12.o
                0x0000000000000748                LPTMR0_IRQHandler
 .text.PORTA_IRQHandler
                0x0000000000000750        0x8 ./startup/startup_mk64f12.o
                0x0000000000000750                PORTA_IRQHandler
 .text.PORTB_IRQHandler
                0x0000000000000758        0x8 ./startup/startup_mk64f12.o
                0x0000000000000758                PORTB_IRQHandler
 .text.PORTC_IRQHandler
                0x0000000000000760        0x8 ./startup/startup_mk64f12.o
                0x0000000000000760                PORTC_IRQHandler
 .text.PORTD_IRQHandler
                0x0000000000000768        0x8 ./startup/startup_mk64f12.o
                0x0000000000000768                PORTD_IRQHandler
 .text.PORTE_IRQHandler
                0x0000000000000770        0x8 ./startup/startup_mk64f12.o
                0x0000000000000770                PORTE_IRQHandler
 .text.SWI_IRQHandler
                0x0000000000000778        0x8 ./startup/startup_mk64f12.o
                0x0000000000000778                SWI_IRQHandler
 .text.SPI2_IRQHandler
                0x0000000000000780        0x8 ./startup/startup_mk64f12.o
                0x0000000000000780                SPI2_IRQHandler
 .text.UART4_RX_TX_IRQHandler
                0x0000000000000788        0x8 ./startup/startup_mk64f12.o
                0x0000000000000788                UART4_RX_TX_IRQHandler
 .text.UART4_ERR_IRQHandler
                0x0000000000000790        0x8 ./startup/startup_mk64f12.o
                0x0000000000000790                UART4_ERR_IRQHandler
 .text.UART5_RX_TX_IRQHandler
                0x0000000000000798        0x8 ./startup/startup_mk64f12.o
                0x0000000000000798                UART5_RX_TX_IRQHandler
 .text.UART5_ERR_IRQHandler
                0x00000000000007a0        0x8 ./startup/startup_mk64f12.o
                0x00000000000007a0                UART5_ERR_IRQHandler
 .text.CMP2_IRQHandler
                0x00000000000007a8        0x8 ./startup/startup_mk64f12.o
                0x00000000000007a8                CMP2_IRQHandler
 .text.FTM3_IRQHandler
                0x00000000000007b0        0x8 ./startup/startup_mk64f12.o
                0x00000000000007b0                FTM3_IRQHandler
 .text.DAC1_IRQHandler
                0x00000000000007b8        0x8 ./startup/startup_mk64f12.o
                0x00000000000007b8                DAC1_IRQHandler
 .text.ADC1_IRQHandler
                0x00000000000007c0        0x8 ./startup/startup_mk64f12.o
                0x00000000000007c0                ADC1_IRQHandler
 .text.I2C2_IRQHandler
                0x00000000000007c8        0x8 ./startup/startup_mk64f12.o
                0x00000000000007c8                I2C2_IRQHandler
 .text.CAN0_ORed_Message_buffer_IRQHandler
                0x00000000000007d0        0x8 ./startup/startup_mk64f12.o
                0x00000000000007d0                CAN0_ORed_Message_buffer_IRQHandler
 .text.CAN0_Bus_Off_IRQHandler
                0x00000000000007d8        0x8 ./startup/startup_mk64f12.o
                0x00000000000007d8                CAN0_Bus_Off_IRQHandler
 .text.CAN0_Error_IRQHandler
                0x00000000000007e0        0x8 ./startup/startup_mk64f12.o
                0x00000000000007e0                CAN0_Error_IRQHandler
 .text.CAN0_Tx_Warning_IRQHandler
                0x00000000000007e8        0x8 ./startup/startup_mk64f12.o
                0x00000000000007e8                CAN0_Tx_Warning_IRQHandler
 .text.CAN0_Rx_Warning_IRQHandler
                0x00000000000007f0        0x8 ./startup/startup_mk64f12.o
                0x00000000000007f0                CAN0_Rx_Warning_IRQHandler
 .text.CAN0_Wake_Up_IRQHandler
                0x00000000000007f8        0x8 ./startup/startup_mk64f12.o
                0x00000000000007f8                CAN0_Wake_Up_IRQHandler
 .text.SDHC_IRQHandler
                0x0000000000000800        0x8 ./startup/startup_mk64f12.o
                0x0000000000000800                SDHC_IRQHandler
 .text.ENET_1588_Timer_IRQHandler
                0x0000000000000808        0x8 ./startup/startup_mk64f12.o
                0x0000000000000808                ENET_1588_Timer_IRQHandler
 .text.ENET_Transmit_IRQHandler
                0x0000000000000810        0x8 ./startup/startup_mk64f12.o
                0x0000000000000810                ENET_Transmit_IRQHandler
 .text.ENET_Receive_IRQHandler
                0x0000000000000818        0x8 ./startup/startup_mk64f12.o
                0x0000000000000818                ENET_Receive_IRQHandler
 .text.ENET_Error_IRQHandler
                0x0000000000000820        0x8 ./startup/startup_mk64f12.o
                0x0000000000000820                ENET_Error_IRQHandler
 .text.__NVIC_SetPriority
                0x0000000000000828       0x54 ./source/edma_memory_to_memory.o
 .text.SysTick_Config
                0x000000000000087c       0x44 ./source/edma_memory_to_memory.o
 .text.DMAMUX_EnableChannel
                0x00000000000008c0       0x3c ./source/edma_memory_to_memory.o
 .text.DMAMUX_SetSource
                0x00000000000008fc       0x4c ./source/edma_memory_to_memory.o
 .text.EDMA_Callback
                0x0000000000000948       0x44 ./source/edma_memory_to_memory.o
                0x0000000000000948                EDMA_Callback
 .text.SysTick_Handler
                0x000000000000098c       0x1c ./source/edma_memory_to_memory.o
                0x000000000000098c                SysTick_Handler
 .text.main     0x00000000000009a8      0x39c ./source/edma_memory_to_memory.o
                0x00000000000009a8                main
 .text.HardFault_Handler
                0x0000000000000d44       0x2a ./source/semihost_hardfault.o
                0x0000000000000d44                HardFault_Handler
 *fill*         0x0000000000000d6e        0x2 ff
 .text.CLOCK_SetEr32kClock
                0x0000000000000d70       0x30 ./drivers/fsl_clock.o
 .text.CLOCK_SetPllFllSelClock
                0x0000000000000da0       0x3c ./drivers/fsl_clock.o
 .text.OSC_SetExtRefClkConfig
                0x0000000000000ddc       0x34 ./drivers/fsl_clock.o
 .text.OSC_SetCapLoad
                0x0000000000000e10       0x34 ./drivers/fsl_clock.o
 .text.CLOCK_GetMcgExtClkFreq
                0x0000000000000e44       0x78 ./drivers/fsl_clock.o
 .text.CLOCK_GetFllExtRefClkFreq
                0x0000000000000ebc       0xcc ./drivers/fsl_clock.o
 .text.CLOCK_GetInternalRefClkSelectFreq
                0x0000000000000f88       0x44 ./drivers/fsl_clock.o
 .text.CLOCK_GetFllRefClkFreq
                0x0000000000000fcc       0x2c ./drivers/fsl_clock.o
 .text.CLOCK_GetPll0RefFreq
                0x0000000000000ff8        0xe ./drivers/fsl_clock.o
 *fill*         0x0000000000001006        0x2 ff
 .text.CLOCK_GetOscRangeFromFreq
                0x0000000000001008       0x3c ./drivers/fsl_clock.o
 .text.CLOCK_GetCoreSysClkFreq
                0x0000000000001044       0x28 ./drivers/fsl_clock.o
                0x0000000000001044                CLOCK_GetCoreSysClkFreq
 .text.CLOCK_SetSimConfig
                0x000000000000106c       0x38 ./drivers/fsl_clock.o
                0x000000000000106c                CLOCK_SetSimConfig
 .text.CLOCK_GetOutClkFreq
                0x00000000000010a4       0x64 ./drivers/fsl_clock.o
                0x00000000000010a4                CLOCK_GetOutClkFreq
 .text.CLOCK_GetFllFreq
                0x0000000000001108       0x7c ./drivers/fsl_clock.o
                0x0000000000001108                CLOCK_GetFllFreq
 .text.CLOCK_GetPll0Freq
                0x0000000000001184       0x68 ./drivers/fsl_clock.o
                0x0000000000001184                CLOCK_GetPll0Freq
 .text.CLOCK_SetExternalRefClkConfig
                0x00000000000011ec       0x6c ./drivers/fsl_clock.o
                0x00000000000011ec                CLOCK_SetExternalRefClkConfig
 .text.CLOCK_SetInternalRefClkConfig
                0x0000000000001258      0x104 ./drivers/fsl_clock.o
                0x0000000000001258                CLOCK_SetInternalRefClkConfig
 .text.CLOCK_EnablePll0
                0x000000000000135c       0x84 ./drivers/fsl_clock.o
                0x000000000000135c                CLOCK_EnablePll0
 .text.CLOCK_InitOsc0
                0x00000000000013e0       0x8c ./drivers/fsl_clock.o
                0x00000000000013e0                CLOCK_InitOsc0
 .text.CLOCK_SetPbeMode
                0x000000000000146c       0xa8 ./drivers/fsl_clock.o
                0x000000000000146c                CLOCK_SetPbeMode
 .text.CLOCK_BootToPeeMode
                0x0000000000001514       0x64 ./drivers/fsl_clock.o
                0x0000000000001514                CLOCK_BootToPeeMode
 .text.CLOCK_EnableClock
                0x0000000000001578       0x36 ./drivers/fsl_dmamux.o
 *fill*         0x00000000000015ae        0x2 ff
 .text.DMAMUX_GetInstance
                0x00000000000015b0       0x44 ./drivers/fsl_dmamux.o
 .text.DMAMUX_Init
                0x00000000000015f4       0x24 ./drivers/fsl_dmamux.o
                0x00000000000015f4                DMAMUX_Init
 .text.__NVIC_EnableIRQ
                0x0000000000001618       0x3c ./drivers/fsl_edma.o
 .text.CLOCK_EnableClock
                0x0000000000001654       0x36 ./drivers/fsl_edma.o
 .text.EnableIRQ
                0x000000000000168a       0x2c ./drivers/fsl_edma.o
 .text.DisableGlobalIRQ
                0x00000000000016b6       0x20 ./drivers/fsl_edma.o
 .text.EnableGlobalIRQ
                0x00000000000016d6       0x1e ./drivers/fsl_edma.o
 .text.EDMA_GetInstance
                0x00000000000016f4       0x44 ./drivers/fsl_edma.o
 .text.EDMA_InstallTCD
                0x0000000000001738      0x148 ./drivers/fsl_edma.o
                0x0000000000001738                EDMA_InstallTCD
 .text.EDMA_Init
                0x0000000000001880       0x80 ./drivers/fsl_edma.o
                0x0000000000001880                EDMA_Init
 .text.EDMA_GetDefaultConfig
                0x0000000000001900       0x38 ./drivers/fsl_edma.o
                0x0000000000001900                EDMA_GetDefaultConfig
 .text.EDMA_SetTransferConfig
                0x0000000000001938       0x60 ./drivers/fsl_edma.o
                0x0000000000001938                EDMA_SetTransferConfig
 .text.EDMA_SetModulo
                0x0000000000001998       0x78 ./drivers/fsl_edma.o
                0x0000000000001998                EDMA_SetModulo
 .text.EDMA_TcdReset
                0x0000000000001a10       0x78 ./drivers/fsl_edma.o
                0x0000000000001a10                EDMA_TcdReset
 .text.EDMA_TcdSetTransferConfig
                0x0000000000001a88       0xe8 ./drivers/fsl_edma.o
                0x0000000000001a88                EDMA_TcdSetTransferConfig
 .text.Get_StartInstance
                0x0000000000001b70       0x24 ./drivers/fsl_edma.o
 .text.EDMA_CreateHandle
                0x0000000000001b94       0xe4 ./drivers/fsl_edma.o
                0x0000000000001b94                EDMA_CreateHandle
 .text.EDMA_SetCallback
                0x0000000000001c78       0x30 ./drivers/fsl_edma.o
                0x0000000000001c78                EDMA_SetCallback
 .text.EDMA_PrepareTransfer
                0x0000000000001ca8      0x288 ./drivers/fsl_edma.o
                0x0000000000001ca8                EDMA_PrepareTransfer
 .text.EDMA_SubmitTransfer
                0x0000000000001f30      0x2a4 ./drivers/fsl_edma.o
                0x0000000000001f30                EDMA_SubmitTransfer
 .text.EDMA_StartTransfer
                0x00000000000021d4       0xac ./drivers/fsl_edma.o
                0x00000000000021d4                EDMA_StartTransfer
 .text.EDMA_HandleIRQ
                0x0000000000002280      0x144 ./drivers/fsl_edma.o
                0x0000000000002280                EDMA_HandleIRQ
 .text.DMA0_DriverIRQHandler
                0x00000000000023c4       0x1c ./drivers/fsl_edma.o
                0x00000000000023c4                DMA0_DriverIRQHandler
 .text.DMA1_DriverIRQHandler
                0x00000000000023e0       0x1c ./drivers/fsl_edma.o
                0x00000000000023e0                DMA1_DriverIRQHandler
 .text.DMA2_DriverIRQHandler
                0x00000000000023fc       0x1c ./drivers/fsl_edma.o
                0x00000000000023fc                DMA2_DriverIRQHandler
 .text.DMA3_DriverIRQHandler
                0x0000000000002418       0x1c ./drivers/fsl_edma.o
                0x0000000000002418                DMA3_DriverIRQHandler
 .text.DMA4_DriverIRQHandler
                0x0000000000002434       0x1c ./drivers/fsl_edma.o
                0x0000000000002434                DMA4_DriverIRQHandler
 .text.DMA5_DriverIRQHandler
                0x0000000000002450       0x1c ./drivers/fsl_edma.o
                0x0000000000002450                DMA5_DriverIRQHandler
 .text.DMA6_DriverIRQHandler
                0x000000000000246c       0x1c ./drivers/fsl_edma.o
                0x000000000000246c                DMA6_DriverIRQHandler
 .text.DMA7_DriverIRQHandler
                0x0000000000002488       0x1c ./drivers/fsl_edma.o
                0x0000000000002488                DMA7_DriverIRQHandler
 .text.DMA8_DriverIRQHandler
                0x00000000000024a4       0x1c ./drivers/fsl_edma.o
                0x00000000000024a4                DMA8_DriverIRQHandler
 .text.DMA9_DriverIRQHandler
                0x00000000000024c0       0x1c ./drivers/fsl_edma.o
                0x00000000000024c0                DMA9_DriverIRQHandler
 .text.DMA10_DriverIRQHandler
                0x00000000000024dc       0x1c ./drivers/fsl_edma.o
                0x00000000000024dc                DMA10_DriverIRQHandler
 .text.DMA11_DriverIRQHandler
                0x00000000000024f8       0x1c ./drivers/fsl_edma.o
                0x00000000000024f8                DMA11_DriverIRQHandler
 .text.DMA12_DriverIRQHandler
                0x0000000000002514       0x1c ./drivers/fsl_edma.o
                0x0000000000002514                DMA12_DriverIRQHandler
 .text.DMA13_DriverIRQHandler
                0x0000000000002530       0x1c ./drivers/fsl_edma.o
                0x0000000000002530                DMA13_DriverIRQHandler
 .text.DMA14_DriverIRQHandler
                0x000000000000254c       0x1c ./drivers/fsl_edma.o
                0x000000000000254c                DMA14_DriverIRQHandler
 .text.DMA15_DriverIRQHandler
                0x0000000000002568       0x1c ./drivers/fsl_edma.o
                0x0000000000002568                DMA15_DriverIRQHandler
 .text.CLOCK_EnableClock
                0x0000000000002584       0x36 ./drivers/fsl_uart.o
 *fill*         0x00000000000025ba        0x2 ff
 .text.UART_GetInstance
                0x00000000000025bc       0x54 ./drivers/fsl_uart.o
                0x00000000000025bc                UART_GetInstance
 .text.UART_Init
                0x0000000000002610      0x2d8 ./drivers/fsl_uart.o
                0x0000000000002610                UART_Init
 .text.UART_GetDefaultConfig
                0x00000000000028e8       0x60 ./drivers/fsl_uart.o
                0x00000000000028e8                UART_GetDefaultConfig
 .text.UART0_DriverIRQHandler
                0x0000000000002948       0x28 ./drivers/fsl_uart.o
                0x0000000000002948                UART0_DriverIRQHandler
 .text.UART0_RX_TX_DriverIRQHandler
                0x0000000000002970       0x10 ./drivers/fsl_uart.o
                0x0000000000002970                UART0_RX_TX_DriverIRQHandler
 .text.UART1_DriverIRQHandler
                0x0000000000002980       0x28 ./drivers/fsl_uart.o
                0x0000000000002980                UART1_DriverIRQHandler
 .text.UART1_RX_TX_DriverIRQHandler
                0x00000000000029a8       0x10 ./drivers/fsl_uart.o
                0x00000000000029a8                UART1_RX_TX_DriverIRQHandler
 .text.UART2_DriverIRQHandler
                0x00000000000029b8       0x28 ./drivers/fsl_uart.o
                0x00000000000029b8                UART2_DriverIRQHandler
 .text.UART2_RX_TX_DriverIRQHandler
                0x00000000000029e0       0x10 ./drivers/fsl_uart.o
                0x00000000000029e0                UART2_RX_TX_DriverIRQHandler
 .text.UART3_DriverIRQHandler
                0x00000000000029f0       0x28 ./drivers/fsl_uart.o
                0x00000000000029f0                UART3_DriverIRQHandler
 .text.UART3_RX_TX_DriverIRQHandler
                0x0000000000002a18       0x10 ./drivers/fsl_uart.o
                0x0000000000002a18                UART3_RX_TX_DriverIRQHandler
 .text.UART4_DriverIRQHandler
                0x0000000000002a28       0x28 ./drivers/fsl_uart.o
                0x0000000000002a28                UART4_DriverIRQHandler
 .text.UART4_RX_TX_DriverIRQHandler
                0x0000000000002a50       0x10 ./drivers/fsl_uart.o
                0x0000000000002a50                UART4_RX_TX_DriverIRQHandler
 .text.UART5_DriverIRQHandler
                0x0000000000002a60       0x28 ./drivers/fsl_uart.o
                0x0000000000002a60                UART5_DriverIRQHandler
 .text.UART5_RX_TX_DriverIRQHandler
                0x0000000000002a88       0x10 ./drivers/fsl_uart.o
                0x0000000000002a88                UART5_RX_TX_DriverIRQHandler
 .text.BOARD_InitDebugConsole
                0x0000000000002a98       0x28 ./board/board.o
                0x0000000000002a98                BOARD_InitDebugConsole
 .text.CLOCK_SetSimSafeDivs
                0x0000000000002ac0       0x20 ./board/clock_config.o
 .text.CLOCK_SetXtal0Freq
                0x0000000000002ae0       0x20 ./board/clock_config.o
 .text.CLOCK_CONFIG_SetFllExtRefDiv
                0x0000000000002b00       0x3c ./board/clock_config.o
 .text.BOARD_BootClockRUN
                0x0000000000002b3c       0x60 ./board/clock_config.o
                0x0000000000002b3c                BOARD_BootClockRUN
 .text.CLOCK_EnableClock
                0x0000000000002b9c       0x36 ./board/pin_mux.o
 .text.PORT_SetPinMux
                0x0000000000002bd2       0x3a ./board/pin_mux.o
 .text.BOARD_InitPins
                0x0000000000002c0c       0x48 ./board/pin_mux.o
                0x0000000000002c0c                BOARD_InitPins
 .text.SystemInit
                0x0000000000002c54       0x40 ./CMSIS/system_MK64F12.o
                0x0000000000002c54                SystemInit
 .text.__main   0x0000000000002c94        0xe /Applications/MCUXpressoIDE_10.1.1_606/ide/tools/bin/../lib/gcc/arm-none-eabi/6.3.1/../../../../arm-none-eabi/lib/thumb/v7e-m/fpv4-sp/hard/libcr_semihost_nf.a(_cr__main.o)
                0x0000000000002c94                __main
                0x0000000000002c94                __CR_SEMIHOST
 *fill*         0x0000000000002ca2        0x2 ff
 .text.__assertion_failed
                0x0000000000002ca4       0x4c /Applications/MCUXpressoIDE_10.1.1_606/ide/tools/bin/../lib/gcc/arm-none-eabi/6.3.1/../../../../arm-none-eabi/lib/thumb/v7e-m/fpv4-sp/hard/libcr_semihost_nf.a(_cr_assert.o)
                0x0000000000002ca4                __assertion_failed
 .text.__sys_appexit
                0x0000000000002cf0        0xc /Applications/MCUXpressoIDE_10.1.1_606/ide/tools/bin/../lib/gcc/arm-none-eabi/6.3.1/../../../../arm-none-eabi/lib/thumb/v7e-m/fpv4-sp/hard/libcr_semihost_nf.a(__sys_appexit.o)
                0x0000000000002cf0                __exit
                0x0000000000002cf0                __sys_appexit
 .text.memset   0x0000000000002cfc        0x4 /Applications/MCUXpressoIDE_10.1.1_606/ide/tools/bin/../lib/gcc/arm-none-eabi/6.3.1/../../../../arm-none-eabi/lib/thumb/v7e-m/fpv4-sp/hard/libcr_c.a(memset.o)
                0x0000000000002cfc                memset
 .text._deferredlazyseek
                0x0000000000002d00       0x40 /Applications/MCUXpressoIDE_10.1.1_606/ide/tools/bin/../lib/gcc/arm-none-eabi/6.3.1/../../../../arm-none-eabi/lib/thumb/v7e-m/fpv4-sp/hard/libcr_c.a(_deferredlazyseek.o)
                0x0000000000002d00                _deferredlazyseek
 .text.__flsbuf
                0x0000000000002d40      0x148 /Applications/MCUXpressoIDE_10.1.1_606/ide/tools/bin/../lib/gcc/arm-none-eabi/6.3.1/../../../../arm-none-eabi/lib/thumb/v7e-m/fpv4-sp/hard/libcr_c.a(_deferredlazyseek.o)
                0x0000000000002d40                __flsbuf
 .text._fflush  0x0000000000002e88       0x54 /Applications/MCUXpressoIDE_10.1.1_606/ide/tools/bin/../lib/gcc/arm-none-eabi/6.3.1/../../../../arm-none-eabi/lib/thumb/v7e-m/fpv4-sp/hard/libcr_c.a(_fflush.o)
                0x0000000000002e88                _fflush
 .text._Cwritebuf
                0x0000000000002edc       0x6c /Applications/MCUXpressoIDE_10.1.1_606/ide/tools/bin/../lib/gcc/arm-none-eabi/6.3.1/../../../../arm-none-eabi/lib/thumb/v7e-m/fpv4-sp/hard/libcr_c.a(_writebuf.o)
                0x0000000000002edc                _Cwritebuf
 .text.malloc   0x0000000000002f48       0xc4 /Applications/MCUXpressoIDE_10.1.1_606/ide/tools/bin/../lib/gcc/arm-none-eabi/6.3.1/../../../../arm-none-eabi/lib/thumb/v7e-m/fpv4-sp/hard/libcr_c.a(alloc.o)
                0x0000000000002f48                malloc
 .text.free     0x000000000000300c       0x30 /Applications/MCUXpressoIDE_10.1.1_606/ide/tools/bin/../lib/gcc/arm-none-eabi/6.3.1/../../../../arm-none-eabi/lib/thumb/v7e-m/fpv4-sp/hard/libcr_c.a(alloc.o)
                0x000000000000300c                free
 .text._Csys_alloc
                0x000000000000303c       0x20 /Applications/MCUXpressoIDE_10.1.1_606/ide/tools/bin/../lib/gcc/arm-none-eabi/6.3.1/../../../../arm-none-eabi/lib/thumb/v7e-m/fpv4-sp/hard/libcr_c.a(alloc.o)
                0x000000000000303c                _Csys_alloc
 .text.fputs    0x000000000000305c       0x2c /Applications/MCUXpressoIDE_10.1.1_606/ide/tools/bin/../lib/gcc/arm-none-eabi/6.3.1/../../../../arm-none-eabi/lib/thumb/v7e-m/fpv4-sp/hard/libcr_c.a(fputs.o)
                0x000000000000305c                fputs
 .text.fseek    0x0000000000003088      0x100 /Applications/MCUXpressoIDE_10.1.1_606/ide/tools/bin/../lib/gcc/arm-none-eabi/6.3.1/../../../../arm-none-eabi/lib/thumb/v7e-m/fpv4-sp/hard/libcr_c.a(fseek.o)
                0x0000000000003088                fseek
 .text.ftell    0x0000000000003188       0x48 /Applications/MCUXpressoIDE_10.1.1_606/ide/tools/bin/../lib/gcc/arm-none-eabi/6.3.1/../../../../arm-none-eabi/lib/thumb/v7e-m/fpv4-sp/hard/libcr_c.a(ftell.o)
                0x0000000000003188                ftell
 .text._initio  0x00000000000031d0       0x78 /Applications/MCUXpressoIDE_10.1.1_606/ide/tools/bin/../lib/gcc/arm-none-eabi/6.3.1/../../../../arm-none-eabi/lib/thumb/v7e-m/fpv4-sp/hard/libcr_c.a(initio.o)
                0x00000000000031d0                _initio
 .text.no_fp_display
                0x0000000000003248        0x4 /Applications/MCUXpressoIDE_10.1.1_606/ide/tools/bin/../lib/gcc/arm-none-eabi/6.3.1/../../../../arm-none-eabi/lib/thumb/v7e-m/fpv4-sp/hard/libcr_c.a(printf.o)
 .text.__vfprintf
                0x000000000000324c      0xb7c /Applications/MCUXpressoIDE_10.1.1_606/ide/tools/bin/../lib/gcc/arm-none-eabi/6.3.1/../../../../arm-none-eabi/lib/thumb/v7e-m/fpv4-sp/hard/libcr_c.a(printf.o)
                0x000000000000324c                __vfprintf
 .text._vsnprintf
                0x0000000000003dc8       0x5c /Applications/MCUXpressoIDE_10.1.1_606/ide/tools/bin/../lib/gcc/arm-none-eabi/6.3.1/../../../../arm-none-eabi/lib/thumb/v7e-m/fpv4-sp/hard/libcr_c.a(printf.o)
                0x0000000000003dc8                _vsnprintf
 .text._printf  0x0000000000003e24       0x54 /Applications/MCUXpressoIDE_10.1.1_606/ide/tools/bin/../lib/gcc/arm-none-eabi/6.3.1/../../../../arm-none-eabi/lib/thumb/v7e-m/fpv4-sp/hard/libcr_c.a(printf.o)
                0x0000000000003e24                _printf
 .text.setvbuf  0x0000000000003e78       0x40 /Applications/MCUXpressoIDE_10.1.1_606/ide/tools/bin/../lib/gcc/arm-none-eabi/6.3.1/../../../../arm-none-eabi/lib/thumb/v7e-m/fpv4-sp/hard/libcr_c.a(setvbuf.o)
                0x0000000000003e78                setvbuf
 .text.strlen   0x0000000000003eb8       0x4a /Applications/MCUXpressoIDE_10.1.1_606/ide/tools/bin/../lib/gcc/arm-none-eabi/6.3.1/../../../../arm-none-eabi/lib/thumb/v7e-m/fpv4-sp/hard/libcr_c.a(strlen.o)
                0x0000000000003eb8                strlen
 *fill*         0x0000000000003f02        0x2 ff
 .text._sbrk    0x0000000000003f04       0x3c /Applications/MCUXpressoIDE_10.1.1_606/ide/tools/bin/../lib/gcc/arm-none-eabi/6.3.1/../../../../arm-none-eabi/lib/thumb/v7e-m/fpv4-sp/hard/libcr_c.a(_cr_sbrk.o)
                0x0000000000003f04                _sbrk
 .text._fdopen  0x0000000000003f40       0x68 /Applications/MCUXpressoIDE_10.1.1_606/ide/tools/bin/../lib/gcc/arm-none-eabi/6.3.1/../../../../arm-none-eabi/lib/thumb/v7e-m/fpv4-sp/hard/libcr_c.a(_fdopen.o)
                0x0000000000003f40                _fdopen
 .text.fclose   0x0000000000003fa8       0x58 /Applications/MCUXpressoIDE_10.1.1_606/ide/tools/bin/../lib/gcc/arm-none-eabi/6.3.1/../../../../arm-none-eabi/lib/thumb/v7e-m/fpv4-sp/hard/libcr_c.a(fclose.o)
                0x0000000000003fa8                fclose
 .text.fflush   0x0000000000004000       0x44 /Applications/MCUXpressoIDE_10.1.1_606/ide/tools/bin/../lib/gcc/arm-none-eabi/6.3.1/../../../../arm-none-eabi/lib/thumb/v7e-m/fpv4-sp/hard/libcr_c.a(fflush.o)
                0x0000000000004000                fflush
 .text.remove   0x0000000000004044       0x14 /Applications/MCUXpressoIDE_10.1.1_606/ide/tools/bin/../lib/gcc/arm-none-eabi/6.3.1/../../../../arm-none-eabi/lib/thumb/v7e-m/fpv4-sp/hard/libcr_c.a(remove.o)
                0x0000000000004044                remove
 .text.__check_heap_overflow
                0x0000000000004058       0x18 /Applications/MCUXpressoIDE_10.1.1_606/ide/tools/bin/../lib/gcc/arm-none-eabi/6.3.1/../../../../arm-none-eabi/lib/thumb/v7e-m/fpv4-sp/hard/libcr_c.a(_cr_check_heap.o)
                0x0000000000004058                __check_heap_overflow
 .text._do_fflush
                0x0000000000004070       0x40 /Applications/MCUXpressoIDE_10.1.1_606/ide/tools/bin/../lib/gcc/arm-none-eabi/6.3.1/../../../../arm-none-eabi/lib/thumb/v7e-m/fpv4-sp/hard/libcr_c.a(_do_fflush.o)
                0x0000000000004070                _do_fflush
 .text.__aeabi_ddiv
                0x00000000000040b0      0x13c /Applications/MCUXpressoIDE_10.1.1_606/ide/tools/bin/../lib/gcc/arm-none-eabi/6.3.1/thumb/v7e-m/fpv4-sp/hard/libcr_eabihelpers.a(double.o)
                0x00000000000040b0                __aeabi_ddiv
 .text.__aeabi_d2uiz
                0x00000000000041ec       0x30 /Applications/MCUXpressoIDE_10.1.1_606/ide/tools/bin/../lib/gcc/arm-none-eabi/6.3.1/thumb/v7e-m/fpv4-sp/hard/libcr_eabihelpers.a(double.o)
                0x00000000000041ec                __aeabi_d2uiz
 .text.__bhs_ui2d
                0x000000000000421c       0x46 /Applications/MCUXpressoIDE_10.1.1_606/ide/tools/bin/../lib/gcc/arm-none-eabi/6.3.1/thumb/v7e-m/fpv4-sp/hard/libcr_eabihelpers.a(double.o)
                0x000000000000421c                __bhs_ui2d
 .text.__aeabi_ui2d
                0x0000000000004262        0x8 /Applications/MCUXpressoIDE_10.1.1_606/ide/tools/bin/../lib/gcc/arm-none-eabi/6.3.1/thumb/v7e-m/fpv4-sp/hard/libcr_eabihelpers.a(double.o)
                0x0000000000004262                __aeabi_ui2d
 .text.__aeabi_memset_lowlevel
                0x000000000000426a       0x32 /Applications/MCUXpressoIDE_10.1.1_606/ide/tools/bin/../lib/gcc/arm-none-eabi/6.3.1/thumb/v7e-m/fpv4-sp/hard/libcr_eabihelpers.a(memcpy.o)
                0x000000000000426a                __aeabi_lowlevel_memset
 .text.__sys_close
                0x000000000000429c        0xc /Applications/MCUXpressoIDE_10.1.1_606/ide/tools/bin/../lib/gcc/arm-none-eabi/6.3.1/../../../../arm-none-eabi/lib/thumb/v7e-m/fpv4-sp/hard/libcr_semihost_nf.a(__sys_close.o)
                0x000000000000429c                __sys_close
 .text.__sys_flen
                0x00000000000042a8        0xc /Applications/MCUXpressoIDE_10.1.1_606/ide/tools/bin/../lib/gcc/arm-none-eabi/6.3.1/../../../../arm-none-eabi/lib/thumb/v7e-m/fpv4-sp/hard/libcr_semihost_nf.a(__sys_flen.o)
                0x00000000000042a8                __sys_flen
 .text.__sys_istty
                0x00000000000042b4        0xc /Applications/MCUXpressoIDE_10.1.1_606/ide/tools/bin/../lib/gcc/arm-none-eabi/6.3.1/../../../../arm-none-eabi/lib/thumb/v7e-m/fpv4-sp/hard/libcr_semihost_nf.a(__sys_istty.o)
                0x00000000000042b4                __sys_istty
 .text.__sys_remove
                0x00000000000042c0        0xc /Applications/MCUXpressoIDE_10.1.1_606/ide/tools/bin/../lib/gcc/arm-none-eabi/6.3.1/../../../../arm-none-eabi/lib/thumb/v7e-m/fpv4-sp/hard/libcr_semihost_nf.a(__sys_remove.o)
                0x00000000000042c0                __sys_remove
 .text.__sys_seek
                0x00000000000042cc        0xc /Applications/MCUXpressoIDE_10.1.1_606/ide/tools/bin/../lib/gcc/arm-none-eabi/6.3.1/../../../../arm-none-eabi/lib/thumb/v7e-m/fpv4-sp/hard/libcr_semihost_nf.a(__sys_seek.o)
                0x00000000000042cc                __sys_seek
 .text.__sys_tmpnam
                0x00000000000042d8        0xc /Applications/MCUXpressoIDE_10.1.1_606/ide/tools/bin/../lib/gcc/arm-none-eabi/6.3.1/../../../../arm-none-eabi/lib/thumb/v7e-m/fpv4-sp/hard/libcr_semihost_nf.a(__sys_tmpnam.o)
                0x00000000000042d8                __sys_tmpnam
 .text.__sys_write
                0x00000000000042e4        0xc /Applications/MCUXpressoIDE_10.1.1_606/ide/tools/bin/../lib/gcc/arm-none-eabi/6.3.1/../../../../arm-none-eabi/lib/thumb/v7e-m/fpv4-sp/hard/libcr_semihost_nf.a(__sys_write.o)
                0x00000000000042e4                __sys_write
 *(.rodata .rodata.* .constdata .constdata.*)
 .rodata        0x00000000000042f0       0x50 ./utilities/fsl_debug_console.o
 .rodata        0x0000000000004340       0x27 ./utilities/fsl_io.o
 *fill*         0x0000000000004367        0x1 ff
 .rodata        0x0000000000004368      0x297 ./source/edma_memory_to_memory.o
 *fill*         0x00000000000045ff        0x1 ff
 .rodata        0x0000000000004600      0x149 ./drivers/fsl_clock.o
 *fill*         0x0000000000004749        0x3 ff
 .rodata.fllFactorTable.7491
                0x000000000000474c       0x10 ./drivers/fsl_clock.o
 .rodata        0x000000000000475c       0x42 ./drivers/fsl_dmamux.o
 *fill*         0x000000000000479e        0x2 ff
 .rodata.s_edmaIRQNumber
                0x00000000000047a0       0x10 ./drivers/fsl_edma.o
 .rodata        0x00000000000047b0      0xbef ./drivers/fsl_edma.o
 *fill*         0x000000000000539f        0x1 ff
 .rodata.s_uartBases
                0x00000000000053a0       0x18 ./drivers/fsl_uart.o
 .rodata.s_uartClock
                0x00000000000053b8       0x18 ./drivers/fsl_uart.o
 .rodata        0x00000000000053d0      0x513 ./drivers/fsl_uart.o
 *fill*         0x00000000000058e3        0x1 ff
 .rodata.mcgConfig_BOARD_BootClockRUN
                0x00000000000058e4        0xb ./board/clock_config.o
                0x00000000000058e4                mcgConfig_BOARD_BootClockRUN
 *fill*         0x00000000000058ef        0x1 ff
 .rodata.simConfig_BOARD_BootClockRUN
                0x00000000000058f0        0x8 ./board/clock_config.o
                0x00000000000058f0                simConfig_BOARD_BootClockRUN
 .rodata.oscConfig_BOARD_BootClockRUN
                0x00000000000058f8        0x8 ./board/clock_config.o
                0x00000000000058f8                oscConfig_BOARD_BootClockRUN
 .rodata        0x0000000000005900     0x2000 /Users/Hiro-MBP/Freescale/workspaces/k64/frdmk64f_driver_examples_edma_edma_memory_to_memory/randomData.o
                0x0000000000005900                _binary_randomData_bin_start
                0x0000000000007900                _binary_randomData_bin_end
 .rodata.__assertion_failed.str1.1
                0x0000000000007900       0x15 /Applications/MCUXpressoIDE_10.1.1_606/ide/tools/bin/../lib/gcc/arm-none-eabi/6.3.1/../../../../arm-none-eabi/lib/thumb/v7e-m/fpv4-sp/hard/libcr_semihost_nf.a(_cr_assert.o)
 *fill*         0x0000000000007915        0x3 ff
 .rodata.__num_Ciob_streams
                0x0000000000007918        0x4 /Applications/MCUXpressoIDE_10.1.1_606/ide/tools/bin/../lib/gcc/arm-none-eabi/6.3.1/../../../../arm-none-eabi/lib/thumb/v7e-m/fpv4-sp/hard/libcr_semihost_nf.a(__ciob.o)
                0x0000000000007918                __num_Ciob_streams
 .rodata._Csys_alloc.str1.1
                0x000000000000791c       0x18 /Applications/MCUXpressoIDE_10.1.1_606/ide/tools/bin/../lib/gcc/arm-none-eabi/6.3.1/../../../../arm-none-eabi/lib/thumb/v7e-m/fpv4-sp/hard/libcr_c.a(alloc.o)
 .rodata._initio.str1.1
                0x0000000000007934        0x4 /Applications/MCUXpressoIDE_10.1.1_606/ide/tools/bin/../lib/gcc/arm-none-eabi/6.3.1/../../../../arm-none-eabi/lib/thumb/v7e-m/fpv4-sp/hard/libcr_c.a(initio.o)
 .rodata.__vfprintf.str1.1
                0x0000000000007938       0x35 /Applications/MCUXpressoIDE_10.1.1_606/ide/tools/bin/../lib/gcc/arm-none-eabi/6.3.1/../../../../arm-none-eabi/lib/thumb/v7e-m/fpv4-sp/hard/libcr_c.a(printf.o)
                                         0x38 (size before relaxing)
                0x0000000000007970                . = ALIGN (0x4)
 *fill*         0x000000000000796d        0x3 ff

.glue_7         0x0000000000007970        0x0
 .glue_7        0x0000000000007970        0x0 linker stubs

.glue_7t        0x0000000000007970        0x0
 .glue_7t       0x0000000000007970        0x0 linker stubs

.vfp11_veneer   0x0000000000007970        0x0
 .vfp11_veneer  0x0000000000007970        0x0 linker stubs

.v4_bx          0x0000000000007970        0x0
 .v4_bx         0x0000000000007970        0x0 linker stubs

.iplt           0x0000000000007970        0x0
 .iplt          0x0000000000007970        0x0 ./utilities/fsl_assert.o

.rel.dyn        0x0000000000007970        0x0
 .rel.iplt      0x0000000000007970        0x0 ./utilities/fsl_assert.o

.ARM.extab
 *(.ARM.extab* .gnu.linkonce.armextab.*)
                0x0000000000007970                __exidx_start = .

.ARM.exidx
 *(.ARM.exidx* .gnu.linkonce.armexidx.*)
                0x0000000000007970                __exidx_end = .
                0x0000000000007970                _etext = .

.m_usb_data
 *(m_usb_bdt)

.data_RAM2      0x000000001fff0000        0x4 load address 0x0000000000007970
 FILL mask 0xff
                [!provide]                        PROVIDE (__start_data_RAM2, .)
 *(.ramfunc.$RAM2)
 *(.ramfunc.$SRAM_LOWER)
 *(.data.$RAM2*)
 *(.data.$SRAM_LOWER*)
 .data.$SRAM_LOWER
                0x000000001fff0000        0x1 ./source/edma_memory_to_memory.o
                0x000000001fff0000                g_Transfer_Done
                0x000000001fff0004                . = ALIGN (0x4)
 *fill*         0x000000001fff0001        0x3 ff
                [!provide]                        PROVIDE (__end_data_RAM2, .)

.data_RAM3      0x0000000014000000        0x0 load address 0x0000000000007974
 FILL mask 0xff
                [!provide]                        PROVIDE (__start_data_RAM3, .)
 *(.ramfunc.$RAM3)
 *(.ramfunc.$FLEX_RAM)
 *(.data.$RAM3*)
 *(.data.$FLEX_RAM*)
                0x0000000014000000                . = ALIGN (0x4)
                [!provide]                        PROVIDE (__end_data_RAM3, .)

.uninit_RESERVED
                0x0000000020000000        0x0
 *(.bss.$RESERVED*)
                0x0000000020000000                . = ALIGN (0x4)
                0x0000000020000000                _end_uninit_RESERVED = .

.data           0x0000000020000000     0x400c load address 0x0000000000007974
 FILL mask 0xff
                0x0000000020000000                _data = .
 *(vtable)
 *(.ramfunc*)
 *(.data*)
 .data.SRAM_UPPER
                0x0000000020000000     0x4000 ./source/edma_memory_to_memory.o
                0x0000000020000000                srcAddr
                0x0000000020002000                destAddr
 .data.s_slowIrcFreq
                0x0000000020004000        0x4 ./drivers/fsl_clock.o
 .data.s_fastIrcFreq
                0x0000000020004004        0x4 ./drivers/fsl_clock.o
 .data.SystemCoreClock
                0x0000000020004008        0x4 ./CMSIS/system_MK64F12.o
                0x0000000020004008                SystemCoreClock
                0x000000002000400c                . = ALIGN (0x4)
                0x000000002000400c                _edata = .

.igot.plt       0x000000002000400c        0x0 load address 0x000000000000b980
 .igot.plt      0x000000002000400c        0x0 ./utilities/fsl_assert.o

.bss_RAM2       0x000000001fff0004        0x0
                [!provide]                        PROVIDE (__start_bss_RAM2, .)
 *(.bss.$RAM2*)
 *(.bss.$SRAM_LOWER*)
                0x000000001fff0004                . = ALIGN ((. != 0x0)?0x4:0x1)
                [!provide]                        PROVIDE (__end_bss_RAM2, .)

.bss_RAM3       0x0000000014000000        0x0
                [!provide]                        PROVIDE (__start_bss_RAM3, .)
 *(.bss.$RAM3*)
 *(.bss.$FLEX_RAM*)
                0x0000000014000000                . = ALIGN ((. != 0x0)?0x4:0x1)
                [!provide]                        PROVIDE (__end_bss_RAM3, .)

.bss            0x0000000020004010      0x1e8
                0x0000000020004010                _bss = .
 *(.bss*)
 .bss.s_debugConsoleIO
                0x0000000020004010        0x8 ./utilities/fsl_io.o
 .bss.g_EDMA_Handle
                0x0000000020004018       0x10 ./source/edma_memory_to_memory.o
                0x0000000020004018                g_EDMA_Handle
 .bss.g_EDMA_Handle_ch0
                0x0000000020004028       0x18 ./source/edma_memory_to_memory.o
                0x0000000020004028                g_EDMA_Handle_ch0
 .bss.g_EDMA_Handle_ch1
                0x0000000020004040       0x18 ./source/edma_memory_to_memory.o
                0x0000000020004040                g_EDMA_Handle_ch1
 .bss.g_EDMA_Handle_ch2
                0x0000000020004058       0x18 ./source/edma_memory_to_memory.o
                0x0000000020004058                g_EDMA_Handle_ch2
 .bss.g_EDMA_Handle_ch3
                0x0000000020004070       0x18 ./source/edma_memory_to_memory.o
                0x0000000020004070                g_EDMA_Handle_ch3
 .bss.transferConfig
                0x0000000020004088       0x18 ./source/edma_memory_to_memory.o
                0x0000000020004088                transferConfig
 .bss.userConfig
                0x00000000200040a0        0x4 ./source/edma_memory_to_memory.o
                0x00000000200040a0                userConfig
 .bss.dma_start
                0x00000000200040a4        0x4 ./source/edma_memory_to_memory.o
                0x00000000200040a4                dma_start
 .bss.dma_end   0x00000000200040a8        0x4 ./source/edma_memory_to_memory.o
                0x00000000200040a8                dma_end
 .bss.cnt       0x00000000200040ac        0x4 ./source/edma_memory_to_memory.o
                0x00000000200040ac                cnt
 .bss.ret       0x00000000200040b0        0x4 ./source/edma_memory_to_memory.o
                0x00000000200040b0                ret
 *fill*         0x00000000200040b4        0x4 
 .bss.coreClock
                0x00000000200040b8        0x8 ./source/edma_memory_to_memory.o
                0x00000000200040b8                coreClock
 .bss.scalingFactor
                0x00000000200040c0        0x8 ./source/edma_memory_to_memory.o
                0x00000000200040c0                scalingFactor
 .bss.result    0x00000000200040c8        0x4 ./source/edma_memory_to_memory.o
                0x00000000200040c8                result
 .bss.SysIsrcount
                0x00000000200040cc        0x4 ./source/edma_memory_to_memory.o
                0x00000000200040cc                SysIsrcount
 .bss.g_xtal0Freq
                0x00000000200040d0        0x4 ./drivers/fsl_clock.o
                0x00000000200040d0                g_xtal0Freq
 .bss.g_xtal32Freq
                0x00000000200040d4        0x4 ./drivers/fsl_clock.o
                0x00000000200040d4                g_xtal32Freq
 .bss.s_EDMAHandle
                0x00000000200040d8       0x40 ./drivers/fsl_edma.o
 .bss.StartInstanceNum.7748
                0x0000000020004118        0x1 ./drivers/fsl_edma.o
 *fill*         0x0000000020004119        0x3 
 .bss.s_uartHandle
                0x000000002000411c       0x18 ./drivers/fsl_uart.o
 .bss.s_uartIsr
                0x0000000020004134        0x4 ./drivers/fsl_uart.o
 .bss.__Ciob    0x0000000020004138       0xb4 /Applications/MCUXpressoIDE_10.1.1_606/ide/tools/bin/../lib/gcc/arm-none-eabi/6.3.1/../../../../arm-none-eabi/lib/thumb/v7e-m/fpv4-sp/hard/libcr_semihost_nf.a(__ciob.o)
                0x0000000020004138                __Ciob
 .bss.__end_of_heap
                0x00000000200041ec        0x4 /Applications/MCUXpressoIDE_10.1.1_606/ide/tools/bin/../lib/gcc/arm-none-eabi/6.3.1/../../../../arm-none-eabi/lib/thumb/v7e-m/fpv4-sp/hard/libcr_c.a(__init_alloc.o)
                0x00000000200041ec                __end_of_heap
 .bss.__heaps   0x00000000200041f0        0x4 /Applications/MCUXpressoIDE_10.1.1_606/ide/tools/bin/../lib/gcc/arm-none-eabi/6.3.1/../../../../arm-none-eabi/lib/thumb/v7e-m/fpv4-sp/hard/libcr_c.a(__init_alloc.o)
                0x00000000200041f0                __heaps
 .bss.errno     0x00000000200041f4        0x4 /Applications/MCUXpressoIDE_10.1.1_606/ide/tools/bin/../lib/gcc/arm-none-eabi/6.3.1/../../../../arm-none-eabi/lib/thumb/v7e-m/fpv4-sp/hard/libcr_c.a(errno.o)
                0x00000000200041f4                errno
 *(COMMON)
                0x00000000200041f8                . = ALIGN (0x4)
                0x00000000200041f8                _ebss = .
                [!provide]                        PROVIDE (end, .)

.noinit_RAM2    0x000000001fff0004        0x0
 *(.noinit.$RAM2*)
 *(.noinit.$SRAM_LOWER*)
                0x000000001fff0004                . = ALIGN (0x4)

.noinit_RAM3    0x0000000014000000        0x0
 *(.noinit.$RAM3*)
 *(.noinit.$FLEX_RAM*)
                0x0000000014000000                . = ALIGN (0x4)

.noinit         0x00000000200041f8        0x0
                0x00000000200041f8                _noinit = .
 *(.noinit*)
                0x00000000200041f8                . = ALIGN (0x4)
                0x00000000200041f8                _end_noinit = .
                0x0000000000001000                _HeapSize = 0x1000

.heap           0x00000000200041f8     0x1000
                0x00000000200041f8                _pvHeapStart = .
                0x00000000200051f8                . = (. + _HeapSize)
 *fill*         0x00000000200041f8     0x1000 
                0x00000000200051f8                . = ALIGN (0x4)
                0x00000000200051f8                _pvHeapLimit = .
                0x0000000000001000                _StackSize = 0x1000

.heap2stackfill
                0x00000000200051f8     0x1000
                0x00000000200061f8                . = (. + _StackSize)
 *fill*         0x00000000200051f8     0x1000 

.stack          0x000000002002f000        0x0
                0x000000002002f000                _vStackBase = .
                0x000000002002f000                . = ALIGN (0x4)
                0x0000000020030000                _vStackTop = (. + _StackSize)
                0x0000000000000000                _image_start = LOADADDR (.text)
                0x000000000000b980                _image_end = (LOADADDR (.data) + SIZEOF (.data))
                0x000000000000b980                _image_size = (_image_end - _image_start)
OUTPUT(frdmk64f_driver_examples_edma_edma_memory_to_memory.axf elf32-littlearm)

.debug_info     0x0000000000000000     0xa9c4
 .debug_info    0x0000000000000000      0x2bf ./utilities/fsl_debug_console.o
 .debug_info    0x00000000000002bf      0x81a ./utilities/fsl_io.o
 .debug_info    0x0000000000000ad9      0x33c ./utilities/fsl_log.o
 .debug_info    0x0000000000000e15      0x8b3 ./startup/startup_mk64f12.o
 .debug_info    0x00000000000016c8     0x1683 ./source/edma_memory_to_memory.o
 .debug_info    0x0000000000002d4b       0x37 ./source/semihost_hardfault.o
 .debug_info    0x0000000000002d82     0x1e85 ./drivers/fsl_clock.o
 .debug_info    0x0000000000004c07      0x5ef ./drivers/fsl_dmamux.o
 .debug_info    0x00000000000051f6     0x1fd2 ./drivers/fsl_edma.o
 .debug_info    0x00000000000071c8     0x19d1 ./drivers/fsl_uart.o
 .debug_info    0x0000000000008b99      0x70f ./board/board.o
 .debug_info    0x00000000000092a8      0xaa8 ./board/clock_config.o
 .debug_info    0x0000000000009d50      0x652 ./board/pin_mux.o
 .debug_info    0x000000000000a3a2      0x622 ./CMSIS/system_MK64F12.o

.debug_abbrev   0x0000000000000000     0x19e1
 .debug_abbrev  0x0000000000000000      0x102 ./utilities/fsl_debug_console.o
 .debug_abbrev  0x0000000000000102      0x21b ./utilities/fsl_io.o
 .debug_abbrev  0x000000000000031d      0x17b ./utilities/fsl_log.o
 .debug_abbrev  0x0000000000000498      0x159 ./startup/startup_mk64f12.o
 .debug_abbrev  0x00000000000005f1      0x29d ./source/edma_memory_to_memory.o
 .debug_abbrev  0x000000000000088e       0x2c ./source/semihost_hardfault.o
 .debug_abbrev  0x00000000000008ba      0x302 ./drivers/fsl_clock.o
 .debug_abbrev  0x0000000000000bbc      0x189 ./drivers/fsl_dmamux.o
 .debug_abbrev  0x0000000000000d45      0x391 ./drivers/fsl_edma.o
 .debug_abbrev  0x00000000000010d6      0x2fc ./drivers/fsl_uart.o
 .debug_abbrev  0x00000000000013d2      0x157 ./board/board.o
 .debug_abbrev  0x0000000000001529      0x1ed ./board/clock_config.o
 .debug_abbrev  0x0000000000001716      0x192 ./board/pin_mux.o
 .debug_abbrev  0x00000000000018a8      0x139 ./CMSIS/system_MK64F12.o

.debug_aranges  0x0000000000000000      0xae8
 .debug_aranges
                0x0000000000000000       0x30 ./utilities/fsl_debug_console.o
 .debug_aranges
                0x0000000000000030       0x48 ./utilities/fsl_io.o
 .debug_aranges
                0x0000000000000078       0x58 ./utilities/fsl_log.o
 .debug_aranges
                0x00000000000000d0      0x330 ./startup/startup_mk64f12.o
 .debug_aranges
                0x0000000000000400       0x50 ./source/edma_memory_to_memory.o
 .debug_aranges
                0x0000000000000450       0x20 ./source/semihost_hardfault.o
 .debug_aranges
                0x0000000000000470      0x1e8 ./drivers/fsl_clock.o
 .debug_aranges
                0x0000000000000658       0x40 ./drivers/fsl_dmamux.o
 .debug_aranges
                0x0000000000000698      0x210 ./drivers/fsl_edma.o
 .debug_aranges
                0x00000000000008a8      0x170 ./drivers/fsl_uart.o
 .debug_aranges
                0x0000000000000a18       0x20 ./board/board.o
 .debug_aranges
                0x0000000000000a38       0x58 ./board/clock_config.o
 .debug_aranges
                0x0000000000000a90       0x30 ./board/pin_mux.o
 .debug_aranges
                0x0000000000000ac0       0x28 ./CMSIS/system_MK64F12.o

.debug_ranges   0x0000000000000000      0xa08
 .debug_ranges  0x0000000000000000       0x20 ./utilities/fsl_debug_console.o
 .debug_ranges  0x0000000000000020       0x38 ./utilities/fsl_io.o
 .debug_ranges  0x0000000000000058       0x48 ./utilities/fsl_log.o
 .debug_ranges  0x00000000000000a0      0x320 ./startup/startup_mk64f12.o
 .debug_ranges  0x00000000000003c0       0x40 ./source/edma_memory_to_memory.o
 .debug_ranges  0x0000000000000400       0x10 ./source/semihost_hardfault.o
 .debug_ranges  0x0000000000000410      0x1d8 ./drivers/fsl_clock.o
 .debug_ranges  0x00000000000005e8       0x30 ./drivers/fsl_dmamux.o
 .debug_ranges  0x0000000000000618      0x200 ./drivers/fsl_edma.o
 .debug_ranges  0x0000000000000818      0x160 ./drivers/fsl_uart.o
 .debug_ranges  0x0000000000000978       0x10 ./board/board.o
 .debug_ranges  0x0000000000000988       0x48 ./board/clock_config.o
 .debug_ranges  0x00000000000009d0       0x20 ./board/pin_mux.o
 .debug_ranges  0x00000000000009f0       0x18 ./CMSIS/system_MK64F12.o

.debug_line     0x0000000000000000     0x3b36
 .debug_line    0x0000000000000000      0x237 ./utilities/fsl_debug_console.o
 .debug_line    0x0000000000000237      0x2c7 ./utilities/fsl_io.o
 .debug_line    0x00000000000004fe      0x2d3 ./utilities/fsl_log.o
 .debug_line    0x00000000000007d1      0x67e ./startup/startup_mk64f12.o
 .debug_line    0x0000000000000e4f      0x3d0 ./source/edma_memory_to_memory.o
 .debug_line    0x000000000000121f       0x54 ./source/semihost_hardfault.o
 .debug_line    0x0000000000001273      0x98c ./drivers/fsl_clock.o
 .debug_line    0x0000000000001bff      0x205 ./drivers/fsl_dmamux.o
 .debug_line    0x0000000000001e04      0xb1a ./drivers/fsl_edma.o
 .debug_line    0x000000000000291e      0x9a1 ./drivers/fsl_uart.o
 .debug_line    0x00000000000032bf      0x209 ./board/board.o
 .debug_line    0x00000000000034c8      0x2c0 ./board/clock_config.o
 .debug_line    0x0000000000003788      0x22a ./board/pin_mux.o
 .debug_line    0x00000000000039b2      0x184 ./CMSIS/system_MK64F12.o

.debug_str      0x0000000000000000     0x50d4
 .debug_str     0x0000000000000000      0x3ed ./utilities/fsl_debug_console.o
                                        0x42e (size before relaxing)
 .debug_str     0x00000000000003ed      0x9c4 ./utilities/fsl_io.o
                                        0xd10 (size before relaxing)
 .debug_str     0x0000000000000db1       0x85 ./utilities/fsl_log.o
                                        0x3e4 (size before relaxing)
 .debug_str     0x0000000000000e36      0x7ed ./startup/startup_mk64f12.o
                                        0x979 (size before relaxing)
 .debug_str     0x0000000000001623     0x1182 ./source/edma_memory_to_memory.o
                                       0x1a68 (size before relaxing)
 .debug_str     0x00000000000027a5       0x1f ./source/semihost_hardfault.o
                                        0x192 (size before relaxing)
 .debug_str     0x00000000000027c4     0x1158 ./drivers/fsl_clock.o
                                       0x1d36 (size before relaxing)
 .debug_str     0x000000000000391c       0x6e ./drivers/fsl_dmamux.o
                                        0xaf5 (size before relaxing)
 .debug_str     0x000000000000398a      0x90c ./drivers/fsl_edma.o
                                       0x2099 (size before relaxing)
 .debug_str     0x0000000000004296      0x9bf ./drivers/fsl_uart.o
                                       0x1e92 (size before relaxing)
 .debug_str     0x0000000000004c55       0x37 ./board/board.o
                                        0x791 (size before relaxing)
 .debug_str     0x0000000000004c8c      0x237 ./board/clock_config.o
                                        0xf10 (size before relaxing)
 .debug_str     0x0000000000004ec3      0x164 ./board/pin_mux.o
                                        0x741 (size before relaxing)
 .debug_str     0x0000000000005027       0xad ./CMSIS/system_MK64F12.o
                                        0x435 (size before relaxing)

.comment        0x0000000000000000       0x7f
 .comment       0x0000000000000000       0x7f ./utilities/fsl_debug_console.o
                                         0x80 (size before relaxing)
 .comment       0x000000000000007f       0x80 ./utilities/fsl_io.o
 .comment       0x000000000000007f       0x80 ./utilities/fsl_log.o
 .comment       0x000000000000007f       0x80 ./startup/startup_mk64f12.o
 .comment       0x000000000000007f       0x80 ./source/edma_memory_to_memory.o
 .comment       0x000000000000007f       0x80 ./source/semihost_hardfault.o
 .comment       0x000000000000007f       0x80 ./drivers/fsl_clock.o
 .comment       0x000000000000007f       0x80 ./drivers/fsl_dmamux.o
 .comment       0x000000000000007f       0x80 ./drivers/fsl_edma.o
 .comment       0x000000000000007f       0x80 ./drivers/fsl_uart.o
 .comment       0x000000000000007f       0x80 ./board/board.o
 .comment       0x000000000000007f       0x80 ./board/clock_config.o
 .comment       0x000000000000007f       0x80 ./board/pin_mux.o
 .comment       0x000000000000007f       0x80 ./CMSIS/system_MK64F12.o
 .comment       0x000000000000007f       0x80 /Applications/MCUXpressoIDE_10.1.1_606/ide/tools/bin/../lib/gcc/arm-none-eabi/6.3.1/../../../../arm-none-eabi/lib/thumb/v7e-m/fpv4-sp/hard/libcr_semihost_nf.a(_cr__main.o)
 .comment       0x000000000000007f       0x80 /Applications/MCUXpressoIDE_10.1.1_606/ide/tools/bin/../lib/gcc/arm-none-eabi/6.3.1/../../../../arm-none-eabi/lib/thumb/v7e-m/fpv4-sp/hard/libcr_semihost_nf.a(_cr_assert.o)
 .comment       0x000000000000007f       0x80 /Applications/MCUXpressoIDE_10.1.1_606/ide/tools/bin/../lib/gcc/arm-none-eabi/6.3.1/../../../../arm-none-eabi/lib/thumb/v7e-m/fpv4-sp/hard/libcr_semihost_nf.a(__ciob.o)
 .comment       0x000000000000007f       0x80 /Applications/MCUXpressoIDE_10.1.1_606/ide/tools/bin/../lib/gcc/arm-none-eabi/6.3.1/../../../../arm-none-eabi/lib/thumb/v7e-m/fpv4-sp/hard/libcr_c.a(memset.o)
 .comment       0x000000000000007f       0x80 /Applications/MCUXpressoIDE_10.1.1_606/ide/tools/bin/../lib/gcc/arm-none-eabi/6.3.1/../../../../arm-none-eabi/lib/thumb/v7e-m/fpv4-sp/hard/libcr_c.a(_deferredlazyseek.o)
 .comment       0x000000000000007f       0x80 /Applications/MCUXpressoIDE_10.1.1_606/ide/tools/bin/../lib/gcc/arm-none-eabi/6.3.1/../../../../arm-none-eabi/lib/thumb/v7e-m/fpv4-sp/hard/libcr_c.a(_fflush.o)
 .comment       0x000000000000007f       0x80 /Applications/MCUXpressoIDE_10.1.1_606/ide/tools/bin/../lib/gcc/arm-none-eabi/6.3.1/../../../../arm-none-eabi/lib/thumb/v7e-m/fpv4-sp/hard/libcr_c.a(_writebuf.o)
 .comment       0x000000000000007f       0x80 /Applications/MCUXpressoIDE_10.1.1_606/ide/tools/bin/../lib/gcc/arm-none-eabi/6.3.1/../../../../arm-none-eabi/lib/thumb/v7e-m/fpv4-sp/hard/libcr_c.a(alloc.o)
 .comment       0x000000000000007f       0x80 /Applications/MCUXpressoIDE_10.1.1_606/ide/tools/bin/../lib/gcc/arm-none-eabi/6.3.1/../../../../arm-none-eabi/lib/thumb/v7e-m/fpv4-sp/hard/libcr_c.a(fputs.o)
 .comment       0x000000000000007f       0x80 /Applications/MCUXpressoIDE_10.1.1_606/ide/tools/bin/../lib/gcc/arm-none-eabi/6.3.1/../../../../arm-none-eabi/lib/thumb/v7e-m/fpv4-sp/hard/libcr_c.a(fseek.o)
 .comment       0x000000000000007f       0x80 /Applications/MCUXpressoIDE_10.1.1_606/ide/tools/bin/../lib/gcc/arm-none-eabi/6.3.1/../../../../arm-none-eabi/lib/thumb/v7e-m/fpv4-sp/hard/libcr_c.a(ftell.o)
 .comment       0x000000000000007f       0x80 /Applications/MCUXpressoIDE_10.1.1_606/ide/tools/bin/../lib/gcc/arm-none-eabi/6.3.1/../../../../arm-none-eabi/lib/thumb/v7e-m/fpv4-sp/hard/libcr_c.a(initio.o)
 .comment       0x000000000000007f       0x80 /Applications/MCUXpressoIDE_10.1.1_606/ide/tools/bin/../lib/gcc/arm-none-eabi/6.3.1/../../../../arm-none-eabi/lib/thumb/v7e-m/fpv4-sp/hard/libcr_c.a(printf.o)
 .comment       0x000000000000007f       0x80 /Applications/MCUXpressoIDE_10.1.1_606/ide/tools/bin/../lib/gcc/arm-none-eabi/6.3.1/../../../../arm-none-eabi/lib/thumb/v7e-m/fpv4-sp/hard/libcr_c.a(setvbuf.o)
 .comment       0x000000000000007f       0x80 /Applications/MCUXpressoIDE_10.1.1_606/ide/tools/bin/../lib/gcc/arm-none-eabi/6.3.1/../../../../arm-none-eabi/lib/thumb/v7e-m/fpv4-sp/hard/libcr_c.a(strlen.o)
 .comment       0x000000000000007f       0x80 /Applications/MCUXpressoIDE_10.1.1_606/ide/tools/bin/../lib/gcc/arm-none-eabi/6.3.1/../../../../arm-none-eabi/lib/thumb/v7e-m/fpv4-sp/hard/libcr_c.a(__init_alloc.o)
 .comment       0x000000000000007f       0x80 /Applications/MCUXpressoIDE_10.1.1_606/ide/tools/bin/../lib/gcc/arm-none-eabi/6.3.1/../../../../arm-none-eabi/lib/thumb/v7e-m/fpv4-sp/hard/libcr_c.a(_cr_sbrk.o)
 .comment       0x000000000000007f       0x80 /Applications/MCUXpressoIDE_10.1.1_606/ide/tools/bin/../lib/gcc/arm-none-eabi/6.3.1/../../../../arm-none-eabi/lib/thumb/v7e-m/fpv4-sp/hard/libcr_c.a(_fdopen.o)
 .comment       0x000000000000007f       0x80 /Applications/MCUXpressoIDE_10.1.1_606/ide/tools/bin/../lib/gcc/arm-none-eabi/6.3.1/../../../../arm-none-eabi/lib/thumb/v7e-m/fpv4-sp/hard/libcr_c.a(errno.o)
 .comment       0x000000000000007f       0x80 /Applications/MCUXpressoIDE_10.1.1_606/ide/tools/bin/../lib/gcc/arm-none-eabi/6.3.1/../../../../arm-none-eabi/lib/thumb/v7e-m/fpv4-sp/hard/libcr_c.a(fclose.o)
 .comment       0x000000000000007f       0x80 /Applications/MCUXpressoIDE_10.1.1_606/ide/tools/bin/../lib/gcc/arm-none-eabi/6.3.1/../../../../arm-none-eabi/lib/thumb/v7e-m/fpv4-sp/hard/libcr_c.a(fflush.o)
 .comment       0x000000000000007f       0x80 /Applications/MCUXpressoIDE_10.1.1_606/ide/tools/bin/../lib/gcc/arm-none-eabi/6.3.1/../../../../arm-none-eabi/lib/thumb/v7e-m/fpv4-sp/hard/libcr_c.a(remove.o)
 .comment       0x000000000000007f       0x80 /Applications/MCUXpressoIDE_10.1.1_606/ide/tools/bin/../lib/gcc/arm-none-eabi/6.3.1/../../../../arm-none-eabi/lib/thumb/v7e-m/fpv4-sp/hard/libcr_c.a(_cr_check_heap.o)
 .comment       0x000000000000007f       0x80 /Applications/MCUXpressoIDE_10.1.1_606/ide/tools/bin/../lib/gcc/arm-none-eabi/6.3.1/../../../../arm-none-eabi/lib/thumb/v7e-m/fpv4-sp/hard/libcr_c.a(_do_fflush.o)
 .comment       0x000000000000007f       0x80 /Applications/MCUXpressoIDE_10.1.1_606/ide/tools/bin/../lib/gcc/arm-none-eabi/6.3.1/thumb/v7e-m/fpv4-sp/hard/libcr_eabihelpers.a(double.o)

.ARM.attributes
                0x0000000000000000       0x37
 .ARM.attributes
                0x0000000000000000       0x39 ./utilities/fsl_debug_console.o
 .ARM.attributes
                0x0000000000000039       0x39 ./utilities/fsl_io.o
 .ARM.attributes
                0x0000000000000072       0x39 ./utilities/fsl_log.o
 .ARM.attributes
                0x00000000000000ab       0x39 ./startup/startup_mk64f12.o
 .ARM.attributes
                0x00000000000000e4       0x39 ./source/edma_memory_to_memory.o
 .ARM.attributes
                0x000000000000011d       0x39 ./source/semihost_hardfault.o
 .ARM.attributes
                0x0000000000000156       0x39 ./drivers/fsl_clock.o
 .ARM.attributes
                0x000000000000018f       0x39 ./drivers/fsl_dmamux.o
 .ARM.attributes
                0x00000000000001c8       0x39 ./drivers/fsl_edma.o
 .ARM.attributes
                0x0000000000000201       0x39 ./drivers/fsl_uart.o
 .ARM.attributes
                0x000000000000023a       0x39 ./board/board.o
 .ARM.attributes
                0x0000000000000273       0x39 ./board/clock_config.o
 .ARM.attributes
                0x00000000000002ac       0x39 ./board/pin_mux.o
 .ARM.attributes
                0x00000000000002e5       0x39 ./CMSIS/system_MK64F12.o
 .ARM.attributes
                0x000000000000031e       0x39 /Applications/MCUXpressoIDE_10.1.1_606/ide/tools/bin/../lib/gcc/arm-none-eabi/6.3.1/../../../../arm-none-eabi/lib/thumb/v7e-m/fpv4-sp/hard/libcr_semihost_nf.a(_cr__main.o)
 .ARM.attributes
                0x0000000000000357       0x39 /Applications/MCUXpressoIDE_10.1.1_606/ide/tools/bin/../lib/gcc/arm-none-eabi/6.3.1/../../../../arm-none-eabi/lib/thumb/v7e-m/fpv4-sp/hard/libcr_semihost_nf.a(_cr_assert.o)
 .ARM.attributes
                0x0000000000000390       0x39 /Applications/MCUXpressoIDE_10.1.1_606/ide/tools/bin/../lib/gcc/arm-none-eabi/6.3.1/../../../../arm-none-eabi/lib/thumb/v7e-m/fpv4-sp/hard/libcr_semihost_nf.a(__ciob.o)
 .ARM.attributes
                0x00000000000003c9       0x25 /Applications/MCUXpressoIDE_10.1.1_606/ide/tools/bin/../lib/gcc/arm-none-eabi/6.3.1/../../../../arm-none-eabi/lib/thumb/v7e-m/fpv4-sp/hard/libcr_semihost_nf.a(__sys_appexit.o)
 .ARM.attributes
                0x00000000000003ee       0x39 /Applications/MCUXpressoIDE_10.1.1_606/ide/tools/bin/../lib/gcc/arm-none-eabi/6.3.1/../../../../arm-none-eabi/lib/thumb/v7e-m/fpv4-sp/hard/libcr_c.a(memset.o)
 .ARM.attributes
                0x0000000000000427       0x39 /Applications/MCUXpressoIDE_10.1.1_606/ide/tools/bin/../lib/gcc/arm-none-eabi/6.3.1/../../../../arm-none-eabi/lib/thumb/v7e-m/fpv4-sp/hard/libcr_c.a(_deferredlazyseek.o)
 .ARM.attributes
                0x0000000000000460       0x39 /Applications/MCUXpressoIDE_10.1.1_606/ide/tools/bin/../lib/gcc/arm-none-eabi/6.3.1/../../../../arm-none-eabi/lib/thumb/v7e-m/fpv4-sp/hard/libcr_c.a(_fflush.o)
 .ARM.attributes
                0x0000000000000499       0x39 /Applications/MCUXpressoIDE_10.1.1_606/ide/tools/bin/../lib/gcc/arm-none-eabi/6.3.1/../../../../arm-none-eabi/lib/thumb/v7e-m/fpv4-sp/hard/libcr_c.a(_writebuf.o)
 .ARM.attributes
                0x00000000000004d2       0x39 /Applications/MCUXpressoIDE_10.1.1_606/ide/tools/bin/../lib/gcc/arm-none-eabi/6.3.1/../../../../arm-none-eabi/lib/thumb/v7e-m/fpv4-sp/hard/libcr_c.a(alloc.o)
 .ARM.attributes
                0x000000000000050b       0x39 /Applications/MCUXpressoIDE_10.1.1_606/ide/tools/bin/../lib/gcc/arm-none-eabi/6.3.1/../../../../arm-none-eabi/lib/thumb/v7e-m/fpv4-sp/hard/libcr_c.a(fputs.o)
 .ARM.attributes
                0x0000000000000544       0x39 /Applications/MCUXpressoIDE_10.1.1_606/ide/tools/bin/../lib/gcc/arm-none-eabi/6.3.1/../../../../arm-none-eabi/lib/thumb/v7e-m/fpv4-sp/hard/libcr_c.a(fseek.o)
 .ARM.attributes
                0x000000000000057d       0x39 /Applications/MCUXpressoIDE_10.1.1_606/ide/tools/bin/../lib/gcc/arm-none-eabi/6.3.1/../../../../arm-none-eabi/lib/thumb/v7e-m/fpv4-sp/hard/libcr_c.a(ftell.o)
 .ARM.attributes
                0x00000000000005b6       0x39 /Applications/MCUXpressoIDE_10.1.1_606/ide/tools/bin/../lib/gcc/arm-none-eabi/6.3.1/../../../../arm-none-eabi/lib/thumb/v7e-m/fpv4-sp/hard/libcr_c.a(initio.o)
 .ARM.attributes
                0x00000000000005ef       0x39 /Applications/MCUXpressoIDE_10.1.1_606/ide/tools/bin/../lib/gcc/arm-none-eabi/6.3.1/../../../../arm-none-eabi/lib/thumb/v7e-m/fpv4-sp/hard/libcr_c.a(printf.o)
 .ARM.attributes
                0x0000000000000628       0x39 /Applications/MCUXpressoIDE_10.1.1_606/ide/tools/bin/../lib/gcc/arm-none-eabi/6.3.1/../../../../arm-none-eabi/lib/thumb/v7e-m/fpv4-sp/hard/libcr_c.a(setvbuf.o)
 .ARM.attributes
                0x0000000000000661       0x39 /Applications/MCUXpressoIDE_10.1.1_606/ide/tools/bin/../lib/gcc/arm-none-eabi/6.3.1/../../../../arm-none-eabi/lib/thumb/v7e-m/fpv4-sp/hard/libcr_c.a(strlen.o)
 .ARM.attributes
                0x000000000000069a       0x39 /Applications/MCUXpressoIDE_10.1.1_606/ide/tools/bin/../lib/gcc/arm-none-eabi/6.3.1/../../../../arm-none-eabi/lib/thumb/v7e-m/fpv4-sp/hard/libcr_c.a(__init_alloc.o)
 .ARM.attributes
                0x00000000000006d3       0x39 /Applications/MCUXpressoIDE_10.1.1_606/ide/tools/bin/../lib/gcc/arm-none-eabi/6.3.1/../../../../arm-none-eabi/lib/thumb/v7e-m/fpv4-sp/hard/libcr_c.a(_cr_sbrk.o)
 .ARM.attributes
                0x000000000000070c       0x39 /Applications/MCUXpressoIDE_10.1.1_606/ide/tools/bin/../lib/gcc/arm-none-eabi/6.3.1/../../../../arm-none-eabi/lib/thumb/v7e-m/fpv4-sp/hard/libcr_c.a(_fdopen.o)
 .ARM.attributes
                0x0000000000000745       0x39 /Applications/MCUXpressoIDE_10.1.1_606/ide/tools/bin/../lib/gcc/arm-none-eabi/6.3.1/../../../../arm-none-eabi/lib/thumb/v7e-m/fpv4-sp/hard/libcr_c.a(errno.o)
 .ARM.attributes
                0x000000000000077e       0x39 /Applications/MCUXpressoIDE_10.1.1_606/ide/tools/bin/../lib/gcc/arm-none-eabi/6.3.1/../../../../arm-none-eabi/lib/thumb/v7e-m/fpv4-sp/hard/libcr_c.a(fclose.o)
 .ARM.attributes
                0x00000000000007b7       0x39 /Applications/MCUXpressoIDE_10.1.1_606/ide/tools/bin/../lib/gcc/arm-none-eabi/6.3.1/../../../../arm-none-eabi/lib/thumb/v7e-m/fpv4-sp/hard/libcr_c.a(fflush.o)
 .ARM.attributes
                0x00000000000007f0       0x39 /Applications/MCUXpressoIDE_10.1.1_606/ide/tools/bin/../lib/gcc/arm-none-eabi/6.3.1/../../../../arm-none-eabi/lib/thumb/v7e-m/fpv4-sp/hard/libcr_c.a(remove.o)
 .ARM.attributes
                0x0000000000000829       0x39 /Applications/MCUXpressoIDE_10.1.1_606/ide/tools/bin/../lib/gcc/arm-none-eabi/6.3.1/../../../../arm-none-eabi/lib/thumb/v7e-m/fpv4-sp/hard/libcr_c.a(_cr_check_heap.o)
 .ARM.attributes
                0x0000000000000862       0x39 /Applications/MCUXpressoIDE_10.1.1_606/ide/tools/bin/../lib/gcc/arm-none-eabi/6.3.1/../../../../arm-none-eabi/lib/thumb/v7e-m/fpv4-sp/hard/libcr_c.a(_do_fflush.o)
 .ARM.attributes
                0x000000000000089b       0x39 /Applications/MCUXpressoIDE_10.1.1_606/ide/tools/bin/../lib/gcc/arm-none-eabi/6.3.1/thumb/v7e-m/fpv4-sp/hard/libcr_eabihelpers.a(double.o)
 .ARM.attributes
                0x00000000000008d4       0x25 /Applications/MCUXpressoIDE_10.1.1_606/ide/tools/bin/../lib/gcc/arm-none-eabi/6.3.1/thumb/v7e-m/fpv4-sp/hard/libcr_eabihelpers.a(memcpy.o)
 .ARM.attributes
                0x00000000000008f9       0x25 /Applications/MCUXpressoIDE_10.1.1_606/ide/tools/bin/../lib/gcc/arm-none-eabi/6.3.1/../../../../arm-none-eabi/lib/thumb/v7e-m/fpv4-sp/hard/libcr_semihost_nf.a(__sys_close.o)
 .ARM.attributes
                0x000000000000091e       0x25 /Applications/MCUXpressoIDE_10.1.1_606/ide/tools/bin/../lib/gcc/arm-none-eabi/6.3.1/../../../../arm-none-eabi/lib/thumb/v7e-m/fpv4-sp/hard/libcr_semihost_nf.a(__sys_flen.o)
 .ARM.attributes
                0x0000000000000943       0x25 /Applications/MCUXpressoIDE_10.1.1_606/ide/tools/bin/../lib/gcc/arm-none-eabi/6.3.1/../../../../arm-none-eabi/lib/thumb/v7e-m/fpv4-sp/hard/libcr_semihost_nf.a(__sys_istty.o)
 .ARM.attributes
                0x0000000000000968       0x25 /Applications/MCUXpressoIDE_10.1.1_606/ide/tools/bin/../lib/gcc/arm-none-eabi/6.3.1/../../../../arm-none-eabi/lib/thumb/v7e-m/fpv4-sp/hard/libcr_semihost_nf.a(__sys_remove.o)
 .ARM.attributes
                0x000000000000098d       0x25 /Applications/MCUXpressoIDE_10.1.1_606/ide/tools/bin/../lib/gcc/arm-none-eabi/6.3.1/../../../../arm-none-eabi/lib/thumb/v7e-m/fpv4-sp/hard/libcr_semihost_nf.a(__sys_seek.o)
 .ARM.attributes
                0x00000000000009b2       0x25 /Applications/MCUXpressoIDE_10.1.1_606/ide/tools/bin/../lib/gcc/arm-none-eabi/6.3.1/../../../../arm-none-eabi/lib/thumb/v7e-m/fpv4-sp/hard/libcr_semihost_nf.a(__sys_tmpnam.o)
 .ARM.attributes
                0x00000000000009d7       0x25 /Applications/MCUXpressoIDE_10.1.1_606/ide/tools/bin/../lib/gcc/arm-none-eabi/6.3.1/../../../../arm-none-eabi/lib/thumb/v7e-m/fpv4-sp/hard/libcr_semihost_nf.a(__sys_write.o)

.debug_frame    0x0000000000000000     0x25e8
 .debug_frame   0x0000000000000000       0x6c ./utilities/fsl_debug_console.o
 .debug_frame   0x000000000000006c       0xe0 ./utilities/fsl_io.o
 .debug_frame   0x000000000000014c      0x120 ./utilities/fsl_log.o
 .debug_frame   0x000000000000026c      0x904 ./startup/startup_mk64f12.o
 .debug_frame   0x0000000000000b70      0x10c ./source/edma_memory_to_memory.o
 .debug_frame   0x0000000000000c7c       0x20 ./source/semihost_hardfault.o
 .debug_frame   0x0000000000000c9c      0x820 ./drivers/fsl_clock.o
 .debug_frame   0x00000000000014bc       0xcc ./drivers/fsl_dmamux.o
 .debug_frame   0x0000000000001588      0x848 ./drivers/fsl_edma.o
 .debug_frame   0x0000000000001dd0      0x5ec ./drivers/fsl_uart.o
 .debug_frame   0x00000000000023bc       0x34 ./board/board.o
 .debug_frame   0x00000000000023f0      0x124 ./board/clock_config.o
 .debug_frame   0x0000000000002514       0x7c ./board/pin_mux.o
 .debug_frame   0x0000000000002590       0x58 ./CMSIS/system_MK64F12.o
